Archive member included to satisfy reference by file (symbol)

c:/program files/microchip/xc8/v2.46/avr/bin/../lib/gcc/avr/5.4.0/avr5\libgcc.a(_udivmodhi4.o)
                              build/default/debug/File_System.o (__udivmodhi4)
c:/program files/microchip/xc8/v2.46/avr/bin/../lib/gcc/avr/5.4.0/avr5\libgcc.a(_udivmodsi4.o)
                              build/default/debug/SPI.o (__udivmodsi4)
c:/program files/microchip/xc8/v2.46/avr/bin/../lib/gcc/avr/5.4.0/avr5\libgcc.a(_copy_data.o)
                              build/default/debug/SDCard.o (__do_copy_data)
c:/program files/microchip/xc8/v2.46/avr/bin/../lib/gcc/avr/5.4.0/avr5\libgcc.a(_muluhisi3.o)
                              build/default/debug/File_System.o (__muluhisi3)
c:/program files/microchip/xc8/v2.46/avr/bin/../lib/gcc/avr/5.4.0/avr5\libgcc.a(_umulhisi3.o)
                              c:/program files/microchip/xc8/v2.46/avr/bin/../lib/gcc/avr/5.4.0/avr5\libgcc.a(_muluhisi3.o) (__umulhisi3)
c:/program files/microchip/xc8/v2.46/avr/bin/../lib/gcc/avr/5.4.0/../../../../avr/lib/avr5\libc.a(exit.o)
                              C:/Users/Younger/.mchp_packs/Microchip/ATmega_DFP/3.2.269/xc8/avr/lib/avr5/crtatmega324pb.o (exit)
c:/program files/microchip/xc8/v2.46/avr/bin/../lib/gcc/avr/5.4.0/../../../../avr/lib/avr5\libc.a(__sio_sprintf_doux.o)
                              build/default/debug/SDCard.o (_sprintf_cdopuxX)
c:/program files/microchip/xc8/v2.46/avr/bin/../lib/gcc/avr/5.4.0/../../../../avr/lib/avr5\libc.a(__fmt_d.o)
                              c:/program files/microchip/xc8/v2.46/avr/bin/../lib/gcc/avr/5.4.0/../../../../avr/lib/avr5\libc.a(__sio_sprintf_doux.o) (__fmt_d_needed)
c:/program files/microchip/xc8/v2.46/avr/bin/../lib/gcc/avr/5.4.0/../../../../avr/lib/avr5\libc.a(__fmt_o.o)
                              c:/program files/microchip/xc8/v2.46/avr/bin/../lib/gcc/avr/5.4.0/../../../../avr/lib/avr5\libc.a(__sio_sprintf_doux.o) (__fmt_o_needed)
c:/program files/microchip/xc8/v2.46/avr/bin/../lib/gcc/avr/5.4.0/../../../../avr/lib/avr5\libc.a(__fmt_s.o)
                              c:/program files/microchip/xc8/v2.46/avr/bin/../lib/gcc/avr/5.4.0/../../../../avr/lib/avr5\libc.a(__sio_sprintf_doux.o) (__fmt_s_needed)
c:/program files/microchip/xc8/v2.46/avr/bin/../lib/gcc/avr/5.4.0/../../../../avr/lib/avr5\libc.a(__fmt_u.o)
                              c:/program files/microchip/xc8/v2.46/avr/bin/../lib/gcc/avr/5.4.0/../../../../avr/lib/avr5\libc.a(__fmt_d.o) (__cvt_u)
c:/program files/microchip/xc8/v2.46/avr/bin/../lib/gcc/avr/5.4.0/../../../../avr/lib/avr5\libc.a(__fmt_x.o)
                              c:/program files/microchip/xc8/v2.46/avr/bin/../lib/gcc/avr/5.4.0/../../../../avr/lib/avr5\libc.a(__sio_sprintf_doux.o) (__fmt_x_needed)
c:/program files/microchip/xc8/v2.46/avr/bin/../lib/gcc/avr/5.4.0/../../../../avr/lib/avr5\libc.a(__pop_int.o)
                              c:/program files/microchip/xc8/v2.46/avr/bin/../lib/gcc/avr/5.4.0/../../../../avr/lib/avr5\libc.a(__sio_sprintf_doux.o) (__pop_int_needed)
c:/program files/microchip/xc8/v2.46/avr/bin/../lib/gcc/avr/5.4.0/../../../../avr/lib/avr5\libc.a(__printf_core.o)
                              c:/program files/microchip/xc8/v2.46/avr/bin/../lib/gcc/avr/5.4.0/../../../../avr/lib/avr5\libc.a(__fmt_d.o) (__pad)
c:/program files/microchip/xc8/v2.46/avr/bin/../lib/gcc/avr/5.4.0/../../../../avr/lib/avr5\libc.a(fputc.o)
                              c:/program files/microchip/xc8/v2.46/avr/bin/../lib/gcc/avr/5.4.0/../../../../avr/lib/avr5\libc.a(__printf_core.o) (fputc)
c:/program files/microchip/xc8/v2.46/avr/bin/../lib/gcc/avr/5.4.0/../../../../avr/lib/avr5\libc.a(atol.o)
                              build/default/debug/Long_Serial_In.o (atol)
c:/program files/microchip/xc8/v2.46/avr/bin/../lib/gcc/avr/5.4.0/../../../../avr/lib/avr5\libc.a(strlen.o)
                              c:/program files/microchip/xc8/v2.46/avr/bin/../lib/gcc/avr/5.4.0/../../../../avr/lib/avr5\libc.a(__fmt_s.o) (strlen)
c:/program files/microchip/xc8/v2.46/avr/bin/../lib/gcc/avr/5.4.0/../../../../avr/lib/avr5\libc.a(tolower.o)
                              c:/program files/microchip/xc8/v2.46/avr/bin/../lib/gcc/avr/5.4.0/../../../../avr/lib/avr5\libc.a(__printf_core.o) (tolower)
c:/program files/microchip/xc8/v2.46/avr/bin/../lib/gcc/avr/5.4.0/../../../../avr/lib/avr5\libc.a(toupper.o)
                              c:/program files/microchip/xc8/v2.46/avr/bin/../lib/gcc/avr/5.4.0/../../../../avr/lib/avr5\libc.a(__fmt_x.o) (toupper)
c:/program files/microchip/xc8/v2.46/avr/bin/../lib/gcc/avr/5.4.0/../../../../avr/lib/avr5\libc.a(errno.o)
                              c:/program files/microchip/xc8/v2.46/avr/bin/../lib/gcc/avr/5.4.0/../../../../avr/lib/avr5\libc.a(__printf_core.o) (__errno_val)
c:/program files/microchip/xc8/v2.46/avr/bin/../lib/gcc/avr/5.4.0/../../../../avr/lib/avr5\libc.a(_Exit.o)
[...]
Memory Configuration

Name             Origin             Length             Attributes
text             0x0000000000000000 0x0000000000008000 xr
data             0x0000000000800100 0x0000000000000800 rw !x
eeprom           0x0000000000810000 0x0000000000000400 rw !x
fuse             0x0000000000820000 0x0000000000000003 rw !x
lock             0x0000000000830000 0x0000000000000400 rw !x
signature        0x0000000000840000 0x0000000000000400 rw !x
user_signatures  0x0000000000850000 0x0000000000000400 rw !x
bootrow          0x0000000000860000 0x0000000000000400 rw !x
*default*        0x0000000000000000 0xffffffffffffffff

Linker script and memory map

Address of section .data set to 0x800100
LOAD C:/Users/Younger/.mchp_packs/Microchip/ATmega_DFP/3.2.269/xc8/avr/lib/avr5/crtatmega324pb.o
                0x0000000000000001                __MPLAB_BUILD = 0x1
LOAD build/default/debug/Config_Arrays.o
LOAD build/default/debug/GPIO_Outputs.o
LOAD build/default/debug/LEDS.o
LOAD build/default/debug/Long_Serial_In.o
LOAD build/default/debug/OLED.o
LOAD build/default/debug/board.o
LOAD build/default/debug/OLED_Char_Map.o
LOAD build/default/debug/SDCard.o
LOAD build/default/debug/SPI.o
LOAD build/default/debug/SPI_CS.o
LOAD build/default/debug/STA013_config.o
LOAD build/default/debug/TWI.o
LOAD build/default/debug/Temperature_Sensor.o
LOAD build/default/debug/UART.o
LOAD build/default/debug/UART_Print.o
LOAD build/default/debug/print_memory.o
LOAD build/default/debug/main.o
LOAD build/default/debug/Directory_Functions.o
LOAD build/default/debug/Drive_Values.o
LOAD build/default/debug/File_System.o
LOAD build/default/debug/Read_Sector.o
LOAD build/default/debug/Read_Values.o
LOAD build/default/debug/Play_Song.o
LOAD build/default/debug/GPIO_Inputs.o
START GROUP
LOAD c:/program files/microchip/xc8/v2.46/avr/bin/../lib/gcc/avr/5.4.0/../../../../avr/lib/avr5\libm.a
END GROUP
                0x0000000000000001                __MPLAB_DEBUG = 0x1
                0x0000000000000001                __DEBUG = 0x1
START GROUP
LOAD c:/program files/microchip/xc8/v2.46/avr/bin/../lib/gcc/avr/5.4.0/avr5\libgcc.a
LOAD c:/program files/microchip/xc8/v2.46/avr/bin/../lib/gcc/avr/5.4.0/../../../../avr/lib/avr5\libm.a
LOAD c:/program files/microchip/xc8/v2.46/avr/bin/../lib/gcc/avr/5.4.0/../../../../avr/lib/avr5\libc.a
LOAD C:/Users/Younger/.mchp_packs/Microchip/ATmega_DFP/3.2.269/xc8/avr/lib/avr5\libatmega324pb.a
END GROUP
                [0x0000000000000000]                __TEXT_REGION_ORIGIN__ = DEFINED (__TEXT_REGION_ORIGIN__)?__TEXT_REGION_ORIGIN__:0x0
                [0x0000000000800100]                __DATA_REGION_ORIGIN__ = DEFINED (__DATA_REGION_ORIGIN__)?__DATA_REGION_ORIGIN__:0x800060
                [0x0000000000008000]                __TEXT_REGION_LENGTH__ = DEFINED (__TEXT_REGION_LENGTH__)?__TEXT_REGION_LENGTH__:0x20000
                [0x0000000000000800]                __DATA_REGION_LENGTH__ = DEFINED (__DATA_REGION_LENGTH__)?__DATA_REGION_LENGTH__:0xffa0
                [0x0000000000000400]                __EEPROM_REGION_LENGTH__ = DEFINED (__EEPROM_REGION_LENGTH__)?__EEPROM_REGION_LENGTH__:0x10000
                [0x0000000000000003]                __FUSE_REGION_LENGTH__ = DEFINED (__FUSE_REGION_LENGTH__)?__FUSE_REGION_LENGTH__:0x400
                0x0000000000000400                __LOCK_REGION_LENGTH__ = DEFINED (__LOCK_REGION_LENGTH__)?__LOCK_REGION_LENGTH__:0x400
                0x0000000000000400                __SIGNATURE_REGION_LENGTH__ = DEFINED (__SIGNATURE_REGION_LENGTH__)?__SIGNATURE_REGION_LENGTH__:0x400
                0x0000000000000400                __USER_SIGNATURE_REGION_LENGTH__ = DEFINED (__USER_SIGNATURE_REGION_LENGTH__)?__USER_SIGNATURE_REGION_LENGTH__:0x400
                0x0000000000000400                __BOOTROW_REGION_LENGTH__ = DEFINED (__BOOTROW_REGION_LENGTH__)?__BOOTROW_REGION_LENGTH__:0x400

.hash
 *(.hash)

.dynsym
 *(.dynsym)

.dynstr
 *(.dynstr)

.gnu.version
 *(.gnu.version)

.gnu.version_d
 *(.gnu.version_d)

.gnu.version_r
 *(.gnu.version_r)

.rel.init
 *(.rel.init)

.rela.init
 *(.rela.init)

.rel.text
 *(.rel.text)
 *(.rel.text.*)
 *(.rel.gnu.linkonce.t*)

.rela.text
 *(.rela.text)
 *(.rela.text.*)
 *(.rela.gnu.linkonce.t*)

.rel.fini
 *(.rel.fini)

.rela.fini
 *(.rela.fini)

.rel.rodata
 *(.rel.rodata)
 *(.rel.rodata.*)
 *(.rel.gnu.linkonce.r*)

.rela.rodata
 *(.rela.rodata)
 *(.rela.rodata.*)
 *(.rela.gnu.linkonce.r*)

.rel.data
 *(.rel.data)
 *(.rel.data.*)
 *(.rel.gnu.linkonce.d*)

.rela.data
 *(.rela.data)
 *(.rela.data.*)
 *(.rela.gnu.linkonce.d*)

.rel.ctors
 *(.rel.ctors)

.rela.ctors
 *(.rela.ctors)

.rel.dtors
 *(.rel.dtors)

.rela.dtors
 *(.rela.dtors)

.rel.got
 *(.rel.got)

.rela.got
 *(.rela.got)

.rel.bss
 *(.rel.bss)

.rela.bss
 *(.rela.bss)

.rel.plt
 *(.rel.plt)

.rela.plt
 *(.rela.plt)

.text           0x0000000000000000      0x14a
 *(.vectors)
 .vectors       0x0000000000000000       0xcc C:/Users/Younger/.mchp_packs/Microchip/ATmega_DFP/3.2.269/xc8/avr/lib/avr5/crtatmega324pb.o
                0x0000000000000000                __vector_default
                0x0000000000000000                __vectors
 *(.vectors)
 *(.progmem.gcc*)
 *(.dinit)
 .dinit         0x00000000000000cc       0x29 data_init
                0x00000000000000f6                . = ALIGN (0x2)
 *fill*         0x00000000000000f5        0x1 
                0x00000000000000f6                __trampolines_start = .
 *(.trampolines)
 .trampolines   0x00000000000000f6        0x0 linker stubs
 *(.trampolines*)
                0x00000000000000f6                __trampolines_end = .
 *libprintf_flt.a:*(.progmem.data)
 *libc.a:*(.progmem.data)
                0x00000000000000f6                . = ALIGN (0x2)
 *(.jumptables)
 *(.jumptables*)
 *(.lowtext)
 *(.lowtext*)
                0x00000000000000f6                __ctors_start = .
 *(.ctors)
                0x00000000000000f6                __ctors_end = .
                0x00000000000000f6                __dtors_start = .
 *(.dtors)
                0x00000000000000f6                __dtors_end = .
 SORT(*)(.ctors)
 SORT(*)(.dtors)
 *(.init0)
 .init0         0x00000000000000f6        0x0 C:/Users/Younger/.mchp_packs/Microchip/ATmega_DFP/3.2.269/xc8/avr/lib/avr5/crtatmega324pb.o
                0x00000000000000f6                __init
 *(.init0)
 *(.init1)
 *(.init1)
 *(.init2)
 .init2         0x00000000000000f6        0xc C:/Users/Younger/.mchp_packs/Microchip/ATmega_DFP/3.2.269/xc8/avr/lib/avr5/crtatmega324pb.o
 *(.init2)
 *(.init3)
 *(.init3)
 *(.init4)
 .init4         0x0000000000000102       0x3c c:/program files/microchip/xc8/v2.46/avr/bin/../lib/gcc/avr/5.4.0/avr5\libgcc.a(_copy_data.o)
                0x0000000000000102                __do_copy_data
                0x0000000000000130                __do_clear_bss
 *(.init4)
 *(.init5)
 *(.init5)
 *(.init6)
 *(.init6)
 *(.init7)
 *(.init7)
 *(.init8)
 *(.init8)
 *(.init9)
 .init9         0x000000000000013e        0x8 C:/Users/Younger/.mchp_packs/Microchip/ATmega_DFP/3.2.269/xc8/avr/lib/avr5/crtatmega324pb.o
 *(.init9)
                0x0000000000000146                . = ALIGN (0x2)
 *(.fini9)
 .fini9         0x0000000000000146        0x0 c:/program files/microchip/xc8/v2.46/avr/bin/../lib/gcc/avr/5.4.0/avr5\libgcc.a(_exit.o)
                0x0000000000000146                _exit
 *(.fini9)
 *(.fini8)
 *(.fini8)
 *(.fini7)
 *(.fini7)
 *(.fini6)
 *(.fini6)
 *(.fini5)
 *(.fini5)
 *(.fini4)
 *(.fini4)
 *(.fini3)
 *(.fini3)
 *(.fini2)
 *(.fini2)
 *(.fini1)
 *(.fini1)
 *(.fini0)
 .fini0         0x0000000000000146        0x4 c:/program files/microchip/xc8/v2.46/avr/bin/../lib/gcc/avr/5.4.0/avr5\libgcc.a(_exit.o)
 *(.fini0)
                0x000000000000014a                _etext = .

.data           0x0000000000800100        0x0 load address 0x000000000000014a
                [!provide]                        PROVIDE (__data_start, .)
 *(.gnu.linkonce.d*)
 *(.gnu.linkonce.r*)
                0x0000000000800100                . = ALIGN (0x2)
                0x0000000000800100                _edata = .
                [!provide]                        PROVIDE (__data_end, .)

.bss            0x0000000000800100        0x2
                [!provide]                        PROVIDE (__bss_start, .)
 *(COMMON)
 COMMON         0x0000000000800100        0x2 c:/program files/microchip/xc8/v2.46/avr/bin/../lib/gcc/avr/5.4.0/../../../../avr/lib/avr5\libc.a(errno.o)
                0x0000000000800100                __errno_val
                [!provide]                        PROVIDE (__bss_end, .)
                0x000000000000014a                __data_load_start = LOADADDR (.data)
                0x000000000000014a                __data_load_end = (__data_load_start + SIZEOF (.data))

.noinit         0x0000000000800102        0x0
                [!provide]                        PROVIDE (__noinit_start, .)
 *(.noinit*)
                [!provide]                        PROVIDE (__noinit_end, .)
                0x0000000000800102                _end = .

.eeprom         0x0000000000810000        0x0
 *(.eeprom*)
                0x0000000000810000                __eeprom_end = .

.fuse
 *(.fuse)
 *(.lfuse)
 *(.hfuse)
 *(.efuse)

.lock
 *(.lock*)

.signature
 *(.signature*)

.user_signatures
 *(.user_signatures*)

.bootrow
 *(.bootrow*)

.stab
 *(.stab)

.stabstr
 *(.stabstr)

.stab.excl
 *(.stab.excl)

.stab.exclstr
 *(.stab.exclstr)

.stab.index
 *(.stab.index)

.stab.indexstr
 *(.stab.indexstr)

.comment        0x0000000000000000       0x5b
 *(.comment)
 .comment       0x0000000000000000       0x2f build/default/debug/Config_Arrays.o
                                         0x30 (size before relaxing)
 .comment       0x000000000000002f       0x30 build/default/debug/GPIO_Outputs.o
 .comment       0x000000000000002f       0x30 build/default/debug/LEDS.o
 .comment       0x000000000000002f       0x30 build/default/debug/Long_Serial_In.o
 .comment       0x000000000000002f       0x30 build/default/debug/OLED.o
 .comment       0x000000000000002f       0x30 build/default/debug/board.o
 .comment       0x000000000000002f       0x30 build/default/debug/OLED_Char_Map.o
 .comment       0x000000000000002f       0x30 build/default/debug/SDCard.o
 .comment       0x000000000000002f       0x30 build/default/debug/SPI.o
 .comment       0x000000000000002f       0x30 build/default/debug/SPI_CS.o
 .comment       0x000000000000002f       0x30 build/default/debug/STA013_config.o
 .comment       0x000000000000002f       0x30 build/default/debug/TWI.o
 .comment       0x000000000000002f       0x30 build/default/debug/UART.o
 .comment       0x000000000000002f       0x30 build/default/debug/UART_Print.o
 .comment       0x000000000000002f       0x30 build/default/debug/print_memory.o
 .comment       0x000000000000002f       0x30 build/default/debug/main.o
 .comment       0x000000000000002f       0x30 build/default/debug/Directory_Functions.o
 .comment       0x000000000000002f       0x30 build/default/debug/Drive_Values.o
 .comment       0x000000000000002f       0x30 build/default/debug/File_System.o
 .comment       0x000000000000002f       0x30 build/default/debug/Read_Sector.o
 .comment       0x000000000000002f       0x30 build/default/debug/Read_Values.o
 .comment       0x000000000000002f       0x30 build/default/debug/Play_Song.o
 .comment       0x000000000000002f       0x30 build/default/debug/GPIO_Inputs.o
 .comment       0x000000000000002f       0x2c c:/program files/microchip/xc8/v2.46/avr/bin/../lib/gcc/avr/5.4.0/../../../../avr/lib/avr5\libc.a(exit.o)
                                         0x2d (size before relaxing)
 .comment       0x000000000000005b       0x2d c:/program files/microchip/xc8/v2.46/avr/bin/../lib/gcc/avr/5.4.0/../../../../avr/lib/avr5\libc.a(__sio_sprintf_doux.o)
 .comment       0x000000000000005b       0x2d c:/program files/microchip/xc8/v2.46/avr/bin/../lib/gcc/avr/5.4.0/../../../../avr/lib/avr5\libc.a(__fmt_d.o)
 .comment       0x000000000000005b       0x2d c:/program files/microchip/xc8/v2.46/avr/bin/../lib/gcc/avr/5.4.0/../../../../avr/lib/avr5\libc.a(__fmt_o.o)
 .comment       0x000000000000005b       0x2d c:/program files/microchip/xc8/v2.46/avr/bin/../lib/gcc/avr/5.4.0/../../../../avr/lib/avr5\libc.a(__fmt_s.o)
 .comment       0x000000000000005b       0x2d c:/program files/microchip/xc8/v2.46/avr/bin/../lib/gcc/avr/5.4.0/../../../../avr/lib/avr5\libc.a(__fmt_u.o)
 .comment       0x000000000000005b       0x2d c:/program files/microchip/xc8/v2.46/avr/bin/../lib/gcc/avr/5.4.0/../../../../avr/lib/avr5\libc.a(__fmt_x.o)
 .comment       0x000000000000005b       0x2d c:/program files/microchip/xc8/v2.46/avr/bin/../lib/gcc/avr/5.4.0/../../../../avr/lib/avr5\libc.a(__pop_int.o)
 .comment       0x000000000000005b       0x2d c:/program files/microchip/xc8/v2.46/avr/bin/../lib/gcc/avr/5.4.0/../../../../avr/lib/avr5\libc.a(__printf_core.o)
 .comment       0x000000000000005b       0x2d c:/program files/microchip/xc8/v2.46/avr/bin/../lib/gcc/avr/5.4.0/../../../../avr/lib/avr5\libc.a(fputc.o)
 .comment       0x000000000000005b       0x2d c:/program files/microchip/xc8/v2.46/avr/bin/../lib/gcc/avr/5.4.0/../../../../avr/lib/avr5\libc.a(atol.o)
 .comment       0x000000000000005b       0x2d c:/program files/microchip/xc8/v2.46/avr/bin/../lib/gcc/avr/5.4.0/../../../../avr/lib/avr5\libc.a(strlen.o)
 .comment       0x000000000000005b       0x2d c:/program files/microchip/xc8/v2.46/avr/bin/../lib/gcc/avr/5.4.0/../../../../avr/lib/avr5\libc.a(tolower.o)
 .comment       0x000000000000005b       0x2d c:/program files/microchip/xc8/v2.46/avr/bin/../lib/gcc/avr/5.4.0/../../../../avr/lib/avr5\libc.a(toupper.o)
 .comment       0x000000000000005b       0x2d c:/program files/microchip/xc8/v2.46/avr/bin/../lib/gcc/avr/5.4.0/../../../../avr/lib/avr5\libc.a(errno.o)
 .comment       0x000000000000005b       0x2d c:/program files/microchip/xc8/v2.46/avr/bin/../lib/gcc/avr/5.4.0/../../../../avr/lib/avr5\libc.a(_Exit.o)
 .comment       0x000000000000005b       0x2d c:/program files/microchip/xc8/v2.46/avr/bin/../lib/gcc/avr/5.4.0/../../../../avr/lib/avr5\libc.a(__int_vsprintf.o)
 .comment       0x000000000000005b       0x2d c:/program files/microchip/xc8/v2.46/avr/bin/../lib/gcc/avr/5.4.0/../../../../avr/lib/avr5\libc.a(__int_vsnprintf.o)
 .comment       0x000000000000005b       0x2d c:/program files/microchip/xc8/v2.46/avr/bin/../lib/gcc/avr/5.4.0/../../../../avr/lib/avr5\libc.a(__int_vfprintf.o)

.stack.descriptors.hdr
                0x0000000000000000      0x150
 .stack.descriptors.hdr
                0x0000000000000000        0xe c:/program files/microchip/xc8/v2.46/avr/bin/../lib/gcc/avr/5.4.0/avr5\libgcc.a(_udivmodhi4.o)
 .stack.descriptors.hdr
                0x000000000000000e        0xe c:/program files/microchip/xc8/v2.46/avr/bin/../lib/gcc/avr/5.4.0/avr5\libgcc.a(_udivmodsi4.o)
 .stack.descriptors.hdr
                0x000000000000001c        0xe c:/program files/microchip/xc8/v2.46/avr/bin/../lib/gcc/avr/5.4.0/avr5\libgcc.a(_muluhisi3.o)
 .stack.descriptors.hdr
                0x000000000000002a        0xe c:/program files/microchip/xc8/v2.46/avr/bin/../lib/gcc/avr/5.4.0/avr5\libgcc.a(_umulhisi3.o)
 .stack.descriptors.hdr
                0x0000000000000038        0xe c:/program files/microchip/xc8/v2.46/avr/bin/../lib/gcc/avr/5.4.0/../../../../avr/lib/avr5\libc.a(exit.o)
 .stack.descriptors.hdr
                0x0000000000000046        0xe c:/program files/microchip/xc8/v2.46/avr/bin/../lib/gcc/avr/5.4.0/../../../../avr/lib/avr5\libc.a(__sio_sprintf_doux.o)
 .stack.descriptors.hdr
                0x0000000000000054        0xe c:/program files/microchip/xc8/v2.46/avr/bin/../lib/gcc/avr/5.4.0/../../../../avr/lib/avr5\libc.a(__fmt_d.o)
 .stack.descriptors.hdr
                0x0000000000000062        0xe c:/program files/microchip/xc8/v2.46/avr/bin/../lib/gcc/avr/5.4.0/../../../../avr/lib/avr5\libc.a(__fmt_o.o)
 .stack.descriptors.hdr
                0x0000000000000070        0xe c:/program files/microchip/xc8/v2.46/avr/bin/../lib/gcc/avr/5.4.0/../../../../avr/lib/avr5\libc.a(__fmt_s.o)
 .stack.descriptors.hdr
                0x000000000000007e        0xe c:/program files/microchip/xc8/v2.46/avr/bin/../lib/gcc/avr/5.4.0/../../../../avr/lib/avr5\libc.a(__fmt_u.o)
 .stack.descriptors.hdr
                0x000000000000008c        0xe c:/program files/microchip/xc8/v2.46/avr/bin/../lib/gcc/avr/5.4.0/../../../../avr/lib/avr5\libc.a(__fmt_x.o)
 .stack.descriptors.hdr
                0x000000000000009a        0xe c:/program files/microchip/xc8/v2.46/avr/bin/../lib/gcc/avr/5.4.0/../../../../avr/lib/avr5\libc.a(__pop_int.o)
 .stack.descriptors.hdr
                0x00000000000000a8        0xe c:/program files/microchip/xc8/v2.46/avr/bin/../lib/gcc/avr/5.4.0/../../../../avr/lib/avr5\libc.a(__printf_core.o)
 .stack.descriptors.hdr
                0x00000000000000b6        0xe c:/program files/microchip/xc8/v2.46/avr/bin/../lib/gcc/avr/5.4.0/../../../../avr/lib/avr5\libc.a(fputc.o)
 .stack.descriptors.hdr
                0x00000000000000c4        0xe c:/program files/microchip/xc8/v2.46/avr/bin/../lib/gcc/avr/5.4.0/../../../../avr/lib/avr5\libc.a(atol.o)
 .stack.descriptors.hdr
                0x00000000000000d2        0xe c:/program files/microchip/xc8/v2.46/avr/bin/../lib/gcc/avr/5.4.0/../../../../avr/lib/avr5\libc.a(strlen.o)
 .stack.descriptors.hdr
                0x00000000000000e0        0xe c:/program files/microchip/xc8/v2.46/avr/bin/../lib/gcc/avr/5.4.0/../../../../avr/lib/avr5\libc.a(tolower.o)
 .stack.descriptors.hdr
                0x00000000000000ee        0xe c:/program files/microchip/xc8/v2.46/avr/bin/../lib/gcc/avr/5.4.0/../../../../avr/lib/avr5\libc.a(toupper.o)
 .stack.descriptors.hdr
                0x00000000000000fc        0xe c:/program files/microchip/xc8/v2.46/avr/bin/../lib/gcc/avr/5.4.0/../../../../avr/lib/avr5\libc.a(errno.o)
 .stack.descriptors.hdr
                0x000000000000010a        0xe c:/program files/microchip/xc8/v2.46/avr/bin/../lib/gcc/avr/5.4.0/../../../../avr/lib/avr5\libc.a(_Exit.o)
 .stack.descriptors.hdr
                0x0000000000000118        0xe c:/program files/microchip/xc8/v2.46/avr/bin/../lib/gcc/avr/5.4.0/../../../../avr/lib/avr5\libc.a(__int_vsprintf.o)
 .stack.descriptors.hdr
                0x0000000000000126        0xe c:/program files/microchip/xc8/v2.46/avr/bin/../lib/gcc/avr/5.4.0/../../../../avr/lib/avr5\libc.a(__int_vsnprintf.o)
 .stack.descriptors.hdr
                0x0000000000000134        0xe c:/program files/microchip/xc8/v2.46/avr/bin/../lib/gcc/avr/5.4.0/../../../../avr/lib/avr5\libc.a(__int_vfprintf.o)
 .stack.descriptors.hdr
                0x0000000000000142        0xe c:/program files/microchip/xc8/v2.46/avr/bin/../lib/gcc/avr/5.4.0/avr5\libgcc.a(_exit.o)

.note.GNU-stack
                0x0000000000000000        0x0
 .note.GNU-stack
                0x0000000000000000        0x0 c:/program files/microchip/xc8/v2.46/avr/bin/../lib/gcc/avr/5.4.0/../../../../avr/lib/avr5\libc.a(exit.o)
 .note.GNU-stack
                0x0000000000000000        0x0 c:/program files/microchip/xc8/v2.46/avr/bin/../lib/gcc/avr/5.4.0/../../../../avr/lib/avr5\libc.a(__sio_sprintf_doux.o)
 .note.GNU-stack
                0x0000000000000000        0x0 c:/program files/microchip/xc8/v2.46/avr/bin/../lib/gcc/avr/5.4.0/../../../../avr/lib/avr5\libc.a(__fmt_d.o)
 .note.GNU-stack
                0x0000000000000000        0x0 c:/program files/microchip/xc8/v2.46/avr/bin/../lib/gcc/avr/5.4.0/../../../../avr/lib/avr5\libc.a(__fmt_o.o)
 .note.GNU-stack
                0x0000000000000000        0x0 c:/program files/microchip/xc8/v2.46/avr/bin/../lib/gcc/avr/5.4.0/../../../../avr/lib/avr5\libc.a(__fmt_s.o)
 .note.GNU-stack
                0x0000000000000000        0x0 c:/program files/microchip/xc8/v2.46/avr/bin/../lib/gcc/avr/5.4.0/../../../../avr/lib/avr5\libc.a(__fmt_u.o)
 .note.GNU-stack
                0x0000000000000000        0x0 c:/program files/microchip/xc8/v2.46/avr/bin/../lib/gcc/avr/5.4.0/../../../../avr/lib/avr5\libc.a(__fmt_x.o)
 .note.GNU-stack
                0x0000000000000000        0x0 c:/program files/microchip/xc8/v2.46/avr/bin/../lib/gcc/avr/5.4.0/../../../../avr/lib/avr5\libc.a(__pop_int.o)
 .note.GNU-stack
                0x0000000000000000        0x0 c:/program files/microchip/xc8/v2.46/avr/bin/../lib/gcc/avr/5.4.0/../../../../avr/lib/avr5\libc.a(__printf_core.o)
 .note.GNU-stack
                0x0000000000000000        0x0 c:/program files/microchip/xc8/v2.46/avr/bin/../lib/gcc/avr/5.4.0/../../../../avr/lib/avr5\libc.a(fputc.o)
 .note.GNU-stack
                0x0000000000000000        0x0 c:/program files/microchip/xc8/v2.46/avr/bin/../lib/gcc/avr/5.4.0/../../../../avr/lib/avr5\libc.a(atol.o)
 .note.GNU-stack
                0x0000000000000000        0x0 c:/program files/microchip/xc8/v2.46/avr/bin/../lib/gcc/avr/5.4.0/../../../../avr/lib/avr5\libc.a(strlen.o)
 .note.GNU-stack
                0x0000000000000000        0x0 c:/program files/microchip/xc8/v2.46/avr/bin/../lib/gcc/avr/5.4.0/../../../../avr/lib/avr5\libc.a(tolower.o)
 .note.GNU-stack
                0x0000000000000000        0x0 c:/program files/microchip/xc8/v2.46/avr/bin/../lib/gcc/avr/5.4.0/../../../../avr/lib/avr5\libc.a(toupper.o)
 .note.GNU-stack
                0x0000000000000000        0x0 c:/program files/microchip/xc8/v2.46/avr/bin/../lib/gcc/avr/5.4.0/../../../../avr/lib/avr5\libc.a(errno.o)
 .note.GNU-stack
                0x0000000000000000        0x0 c:/program files/microchip/xc8/v2.46/avr/bin/../lib/gcc/avr/5.4.0/../../../../avr/lib/avr5\libc.a(_Exit.o)
 .note.GNU-stack
                0x0000000000000000        0x0 c:/program files/microchip/xc8/v2.46/avr/bin/../lib/gcc/avr/5.4.0/../../../../avr/lib/avr5\libc.a(__int_vsprintf.o)
 .note.GNU-stack
                0x0000000000000000        0x0 c:/program files/microchip/xc8/v2.46/avr/bin/../lib/gcc/avr/5.4.0/../../../../avr/lib/avr5\libc.a(__int_vsnprintf.o)
 .note.GNU-stack
                0x0000000000000000        0x0 c:/program files/microchip/xc8/v2.46/avr/bin/../lib/gcc/avr/5.4.0/../../../../avr/lib/avr5\libc.a(__int_vfprintf.o)

.note.gnu.build-id
 *(.note.gnu.build-id)

.debug
 *(.debug)

.line
 *(.line)

.debug_srcinfo
 *(.debug_srcinfo)

.debug_sfnames
 *(.debug_sfnames)

.debug_aranges  0x0000000000000000      0x418
 *(.debug_aranges)
 .debug_aranges
                0x0000000000000000       0x18 build/default/debug/Config_Arrays.o
 .debug_aranges
                0x0000000000000018       0x20 build/default/debug/GPIO_Outputs.o
 .debug_aranges
                0x0000000000000038       0x38 build/default/debug/LEDS.o
 .debug_aranges
                0x0000000000000070       0x20 build/default/debug/Long_Serial_In.o
 .debug_aranges
                0x0000000000000090       0x80 build/default/debug/OLED.o
 .debug_aranges
                0x0000000000000110       0x18 build/default/debug/board.o
 .debug_aranges
                0x0000000000000128       0x18 build/default/debug/OLED_Char_Map.o
 .debug_aranges
                0x0000000000000140       0x40 build/default/debug/SDCard.o
 .debug_aranges
                0x0000000000000180       0x38 build/default/debug/SPI.o
 .debug_aranges
                0x00000000000001b8       0x38 build/default/debug/SPI_CS.o
 .debug_aranges
                0x00000000000001f0       0x30 build/default/debug/STA013_config.o
 .debug_aranges
                0x0000000000000220       0x30 build/default/debug/TWI.o
 .debug_aranges
                0x0000000000000250       0x38 build/default/debug/UART.o
 .debug_aranges
                0x0000000000000288       0x30 build/default/debug/UART_Print.o
 .debug_aranges
                0x00000000000002b8       0x28 build/default/debug/print_memory.o
 .debug_aranges
                0x00000000000002e0       0x20 build/default/debug/main.o
 .debug_aranges
                0x0000000000000300       0x28 build/default/debug/Directory_Functions.o
 .debug_aranges
                0x0000000000000328       0x20 build/default/debug/Drive_Values.o
 .debug_aranges
                0x0000000000000348       0x38 build/default/debug/File_System.o
 .debug_aranges
                0x0000000000000380       0x20 build/default/debug/Read_Sector.o
 .debug_aranges
                0x00000000000003a0       0x30 build/default/debug/Read_Values.o
 .debug_aranges
                0x00000000000003d0       0x20 build/default/debug/Play_Song.o
 .debug_aranges
                0x00000000000003f0       0x28 build/default/debug/GPIO_Inputs.o

.debug_pubnames
 *(.debug_pubnames)

.debug_info     0x0000000000000000     0xc345
 *(.debug_info .gnu.linkonce.wi.*)
 .debug_info    0x0000000000000000      0x9bb C:/Users/Younger/.mchp_packs/Microchip/ATmega_DFP/3.2.269/xc8/avr/lib/avr5/crtatmega324pb.o
 .debug_info    0x00000000000009bb      0x2a0 build/default/debug/Config_Arrays.o
 .debug_info    0x0000000000000c5b      0x39c build/default/debug/GPIO_Outputs.o
 .debug_info    0x0000000000000ff7      0x681 build/default/debug/LEDS.o
 .debug_info    0x0000000000001678      0x504 build/default/debug/Long_Serial_In.o
 .debug_info    0x0000000000001b7c      0xe88 build/default/debug/OLED.o
 .debug_info    0x0000000000002a04      0x540 build/default/debug/board.o
 .debug_info    0x0000000000002f44      0x27d build/default/debug/OLED_Char_Map.o
 .debug_info    0x00000000000031c1     0x189f build/default/debug/SDCard.o
 .debug_info    0x0000000000004a60      0x5f4 build/default/debug/SPI.o
 .debug_info    0x0000000000005054      0x69f build/default/debug/SPI_CS.o
 .debug_info    0x00000000000056f3     0x127f build/default/debug/STA013_config.o
 .debug_info    0x0000000000006972      0x680 build/default/debug/TWI.o
 .debug_info    0x0000000000006ff2      0x487 build/default/debug/UART.o
 .debug_info    0x0000000000007479      0x4f8 build/default/debug/UART_Print.o
 .debug_info    0x0000000000007971      0x5bd build/default/debug/print_memory.o
 .debug_info    0x0000000000007f2e      0xeca build/default/debug/main.o
 .debug_info    0x0000000000008df8      0x9d0 build/default/debug/Directory_Functions.o
 .debug_info    0x00000000000097c8      0x37e build/default/debug/Drive_Values.o
 .debug_info    0x0000000000009b46      0xf17 build/default/debug/File_System.o
 .debug_info    0x000000000000aa5d      0x517 build/default/debug/Read_Sector.o
 .debug_info    0x000000000000af74      0x37a build/default/debug/Read_Values.o
 .debug_info    0x000000000000b2ee      0xc6b build/default/debug/Play_Song.o
 .debug_info    0x000000000000bf59      0x3ec build/default/debug/GPIO_Inputs.o

.debug_abbrev   0x0000000000000000     0x24a9
 *(.debug_abbrev)
 .debug_abbrev  0x0000000000000000      0x934 C:/Users/Younger/.mchp_packs/Microchip/ATmega_DFP/3.2.269/xc8/avr/lib/avr5/crtatmega324pb.o
 .debug_abbrev  0x0000000000000934       0x6c build/default/debug/Config_Arrays.o
 .debug_abbrev  0x00000000000009a0       0xc0 build/default/debug/GPIO_Outputs.o
 .debug_abbrev  0x0000000000000a60      0x19f build/default/debug/LEDS.o
 .debug_abbrev  0x0000000000000bff      0x10c build/default/debug/Long_Serial_In.o
 .debug_abbrev  0x0000000000000d0b      0x200 build/default/debug/OLED.o
 .debug_abbrev  0x0000000000000f0b       0x9b build/default/debug/board.o
 .debug_abbrev  0x0000000000000fa6       0x52 build/default/debug/OLED_Char_Map.o
 .debug_abbrev  0x0000000000000ff8      0x1ac build/default/debug/SDCard.o
 .debug_abbrev  0x00000000000011a4      0x131 build/default/debug/SPI.o
 .debug_abbrev  0x00000000000012d5      0x19f build/default/debug/SPI_CS.o
 .debug_abbrev  0x0000000000001474      0x224 build/default/debug/STA013_config.o
 .debug_abbrev  0x0000000000001698      0x12d build/default/debug/TWI.o
 .debug_abbrev  0x00000000000017c5       0xf9 build/default/debug/UART.o
 .debug_abbrev  0x00000000000018be      0x15c build/default/debug/UART_Print.o
 .debug_abbrev  0x0000000000001a1a      0x12f build/default/debug/print_memory.o
 .debug_abbrev  0x0000000000001b49      0x1c3 build/default/debug/main.o
 .debug_abbrev  0x0000000000001d0c      0x130 build/default/debug/Directory_Functions.o
 .debug_abbrev  0x0000000000001e3c       0x8b build/default/debug/Drive_Values.o
 .debug_abbrev  0x0000000000001ec7      0x15a build/default/debug/File_System.o
 .debug_abbrev  0x0000000000002021      0x11a build/default/debug/Read_Sector.o
 .debug_abbrev  0x000000000000213b       0xbf build/default/debug/Read_Values.o
 .debug_abbrev  0x00000000000021fa      0x1c8 build/default/debug/Play_Song.o
 .debug_abbrev  0x00000000000023c2       0xe7 build/default/debug/GPIO_Inputs.o

.debug_line     0x0000000000000000     0x3450
 *(.debug_line .debug_line.* .debug_line_end)
 .debug_line    0x0000000000000000      0x1ca C:/Users/Younger/.mchp_packs/Microchip/ATmega_DFP/3.2.269/xc8/avr/lib/avr5/crtatmega324pb.o
 .debug_line    0x00000000000001ca       0x75 build/default/debug/Config_Arrays.o
 .debug_line    0x000000000000023f       0xcb build/default/debug/GPIO_Outputs.o
 .debug_line    0x000000000000030a      0x121 build/default/debug/LEDS.o
 .debug_line    0x000000000000042b      0x19c build/default/debug/Long_Serial_In.o
 .debug_line    0x00000000000005c7      0x3c2 build/default/debug/OLED.o
 .debug_line    0x0000000000000989       0xb7 build/default/debug/board.o
 .debug_line    0x0000000000000a40       0x75 build/default/debug/OLED_Char_Map.o
 .debug_line    0x0000000000000ab5      0x801 build/default/debug/SDCard.o
 .debug_line    0x00000000000012b6      0x2c9 build/default/debug/SPI.o
 .debug_line    0x000000000000157f      0x11f build/default/debug/SPI_CS.o
 .debug_line    0x000000000000169e      0x455 build/default/debug/STA013_config.o
 .debug_line    0x0000000000001af3      0x3ff build/default/debug/TWI.o
 .debug_line    0x0000000000001ef2      0x1ac build/default/debug/UART.o
 .debug_line    0x000000000000209e      0x15a build/default/debug/UART_Print.o
 .debug_line    0x00000000000021f8      0x1bf build/default/debug/print_memory.o
 .debug_line    0x00000000000023b7      0x2c7 build/default/debug/main.o
 .debug_line    0x000000000000267e      0x380 build/default/debug/Directory_Functions.o
 .debug_line    0x00000000000029fe       0x9c build/default/debug/Drive_Values.o
 .debug_line    0x0000000000002a9a      0x3e6 build/default/debug/File_System.o
 .debug_line    0x0000000000002e80      0x119 build/default/debug/Read_Sector.o
 .debug_line    0x0000000000002f99       0xe9 build/default/debug/Read_Values.o
 .debug_line    0x0000000000003082      0x2e3 build/default/debug/Play_Song.o
 .debug_line    0x0000000000003365       0xeb build/default/debug/GPIO_Inputs.o

.debug_frame    0x0000000000000000      0xbe4
 *(.debug_frame)
 .debug_frame   0x0000000000000000       0x24 build/default/debug/GPIO_Outputs.o
 .debug_frame   0x0000000000000024       0x64 build/default/debug/LEDS.o
 .debug_frame   0x0000000000000088       0x5c build/default/debug/Long_Serial_In.o
 .debug_frame   0x00000000000000e4      0x188 build/default/debug/OLED.o
 .debug_frame   0x000000000000026c      0x140 build/default/debug/SDCard.o
 .debug_frame   0x00000000000003ac       0x84 build/default/debug/SPI.o
 .debug_frame   0x0000000000000430       0x64 build/default/debug/SPI_CS.o
 .debug_frame   0x0000000000000494       0xa4 build/default/debug/STA013_config.o
 .debug_frame   0x0000000000000538       0xfc build/default/debug/TWI.o
 .debug_frame   0x0000000000000634       0x60 build/default/debug/UART.o
 .debug_frame   0x0000000000000694       0x6c build/default/debug/UART_Print.o
 .debug_frame   0x0000000000000700       0xc4 build/default/debug/print_memory.o
 .debug_frame   0x00000000000007c4       0x24 build/default/debug/main.o
 .debug_frame   0x00000000000007e8       0xf4 build/default/debug/Directory_Functions.o
 .debug_frame   0x00000000000008dc       0x24 build/default/debug/Drive_Values.o
 .debug_frame   0x0000000000000900      0x164 build/default/debug/File_System.o
 .debug_frame   0x0000000000000a64       0x54 build/default/debug/Read_Sector.o
 .debug_frame   0x0000000000000ab8       0x44 build/default/debug/Read_Values.o
 .debug_frame   0x0000000000000afc       0xb4 build/default/debug/Play_Song.o
 .debug_frame   0x0000000000000bb0       0x34 build/default/debug/GPIO_Inputs.o

.debug_str      0x0000000000000000      0xa7a
 *(.debug_str)
 .debug_str     0x0000000000000000      0x35a C:/Users/Younger/.mchp_packs/Microchip/ATmega_DFP/3.2.269/xc8/avr/lib/avr5/crtatmega324pb.o
 .debug_str     0x000000000000035a        0x0 build/default/debug/Config_Arrays.o
 .debug_str     0x000000000000035a        0x0 build/default/debug/GPIO_Outputs.o
 .debug_str     0x000000000000035a       0x18 build/default/debug/LEDS.o
 .debug_str     0x0000000000000372       0x1b build/default/debug/Long_Serial_In.o
 .debug_str     0x000000000000038d       0x69 build/default/debug/OLED.o
 .debug_str     0x00000000000003f6       0x13 build/default/debug/board.o
 .debug_str     0x0000000000000409        0x0 build/default/debug/OLED_Char_Map.o
 .debug_str     0x0000000000000409       0xc5 build/default/debug/SDCard.o
 .debug_str     0x00000000000004ce       0x39 build/default/debug/SPI.o
 .debug_str     0x0000000000000507       0x18 build/default/debug/SPI_CS.o
 .debug_str     0x000000000000051f       0x9e build/default/debug/STA013_config.o
 .debug_str     0x00000000000005bd       0x6c build/default/debug/TWI.o
 .debug_str     0x0000000000000629       0x11 build/default/debug/UART.o
 .debug_str     0x000000000000063a       0x2a build/default/debug/UART_Print.o
 .debug_str     0x0000000000000664       0x60 build/default/debug/print_memory.o
 .debug_str     0x00000000000006c4      0x15c build/default/debug/main.o
 .debug_str     0x0000000000000820       0x8f build/default/debug/Directory_Functions.o
 .debug_str     0x00000000000008af        0x0 build/default/debug/Drive_Values.o
 .debug_str     0x00000000000008af       0xd7 build/default/debug/File_System.o
 .debug_str     0x0000000000000986       0x3d build/default/debug/Read_Sector.o
 .debug_str     0x00000000000009c3        0x7 build/default/debug/Read_Values.o
 .debug_str     0x00000000000009ca       0xa6 build/default/debug/Play_Song.o
 .debug_str     0x0000000000000a70        0xa build/default/debug/GPIO_Inputs.o

.debug_loc      0x0000000000000000     0x4349
 *(.debug_loc)
 .debug_loc     0x0000000000000000       0x77 build/default/debug/GPIO_Outputs.o
 .debug_loc     0x0000000000000077      0x2b8 build/default/debug/LEDS.o
 .debug_loc     0x000000000000032f       0xf4 build/default/debug/Long_Serial_In.o
 .debug_loc     0x0000000000000423      0x5cc build/default/debug/OLED.o
 .debug_loc     0x00000000000009ef      0x8e3 build/default/debug/SDCard.o
 .debug_loc     0x00000000000012d2      0x379 build/default/debug/SPI.o
 .debug_loc     0x000000000000164b      0x2b8 build/default/debug/SPI_CS.o
 .debug_loc     0x0000000000001903      0x7c0 build/default/debug/STA013_config.o
 .debug_loc     0x00000000000020c3      0x797 build/default/debug/TWI.o
 .debug_loc     0x000000000000285a      0x1cb build/default/debug/UART.o
 .debug_loc     0x0000000000002a25      0x28b build/default/debug/UART_Print.o
 .debug_loc     0x0000000000002cb0      0x22c build/default/debug/print_memory.o
 .debug_loc     0x0000000000002edc      0x140 build/default/debug/main.o
 .debug_loc     0x000000000000301c      0x81c build/default/debug/Directory_Functions.o
 .debug_loc     0x0000000000003838      0x573 build/default/debug/File_System.o
 .debug_loc     0x0000000000003dab      0x11f build/default/debug/Read_Sector.o
 .debug_loc     0x0000000000003eca      0x1b6 build/default/debug/Read_Values.o
 .debug_loc     0x0000000000004080      0x1fc build/default/debug/Play_Song.o
 .debug_loc     0x000000000000427c       0xcd build/default/debug/GPIO_Inputs.o

.debug_macinfo
 *(.debug_macinfo)

.debug_weaknames
 *(.debug_weaknames)

.debug_funcnames
 *(.debug_funcnames)

.debug_typenames
 *(.debug_typenames)

.debug_varnames
 *(.debug_varnames)

.debug_pubtypes
 *(.debug_pubtypes)

.debug_ranges   0x0000000000000000      0x2a8
 *(.debug_ranges)
 .debug_ranges  0x0000000000000000       0x10 build/default/debug/GPIO_Outputs.o
 .debug_ranges  0x0000000000000010       0x28 build/default/debug/LEDS.o
 .debug_ranges  0x0000000000000038       0x10 build/default/debug/Long_Serial_In.o
 .debug_ranges  0x0000000000000048       0x70 build/default/debug/OLED.o
 .debug_ranges  0x00000000000000b8       0x30 build/default/debug/SDCard.o
 .debug_ranges  0x00000000000000e8       0x28 build/default/debug/SPI.o
 .debug_ranges  0x0000000000000110       0x28 build/default/debug/SPI_CS.o
 .debug_ranges  0x0000000000000138       0x20 build/default/debug/STA013_config.o
 .debug_ranges  0x0000000000000158       0x20 build/default/debug/TWI.o
 .debug_ranges  0x0000000000000178       0x28 build/default/debug/UART.o
 .debug_ranges  0x00000000000001a0       0x20 build/default/debug/UART_Print.o
 .debug_ranges  0x00000000000001c0       0x18 build/default/debug/print_memory.o
 .debug_ranges  0x00000000000001d8       0x10 build/default/debug/main.o
 .debug_ranges  0x00000000000001e8       0x18 build/default/debug/Directory_Functions.o
 .debug_ranges  0x0000000000000200       0x10 build/default/debug/Drive_Values.o
 .debug_ranges  0x0000000000000210       0x28 build/default/debug/File_System.o
 .debug_ranges  0x0000000000000238       0x10 build/default/debug/Read_Sector.o
 .debug_ranges  0x0000000000000248       0x20 build/default/debug/Read_Values.o
 .debug_ranges  0x0000000000000268       0x28 build/default/debug/Play_Song.o
 .debug_ranges  0x0000000000000290       0x18 build/default/debug/GPIO_Inputs.o

.debug_macro
 *(.debug_macro)
OUTPUT(dist/default/debug/MP3_Player_Example.X.debug.elf elf32-avr)
LOAD linker stubs
LOAD data_init

.note.gnu.avr.deviceinfo
                0x0000000000000000       0x40
 .note.gnu.avr.deviceinfo
                0x0000000000000000       0x40 C:/Users/Younger/.mchp_packs/Microchip/ATmega_DFP/3.2.269/xc8/avr/lib/avr5/crtatmega324pb.o

.bss.sta013_data_req
                0x000000000080069b        0x4
 .bss.sta013_data_req
                0x000000000080069b        0x4 build/default/debug/board.o
                0x000000000080069b                sta013_data_req

.bss.oled_cmd   0x00000000008006bb        0x3
 .bss.oled_cmd  0x00000000008006bb        0x3 build/default/debug/board.o
                0x00000000008006bb                oled_cmd

.bss.oled_reset
                0x00000000008006be        0x3
 .bss.oled_reset
                0x00000000008006be        0x3 build/default/debug/board.o
                0x00000000008006be                oled_reset

.bss.sta013_biten
                0x000000000080069f        0x4
 .bss.sta013_biten
                0x000000000080069f        0x4 build/default/debug/board.o
                0x000000000080069f                sta013_biten

.bss.oled_cs    0x00000000008006a3        0x4
 .bss.oled_cs   0x00000000008006a3        0x4 build/default/debug/board.o
                0x00000000008006a3                oled_cs

.bss.sd_cs      0x00000000008006a7        0x4
 .bss.sd_cs     0x00000000008006a7        0x4 build/default/debug/board.o
                0x00000000008006a7                sd_cs

.bss.sta013_reset
                0x00000000008006c1        0x3
 .bss.sta013_reset
                0x00000000008006c1        0x3 build/default/debug/board.o
                0x00000000008006c1                sta013_reset

.bss.led3       0x00000000008006ab        0x4
 .bss.led3      0x00000000008006ab        0x4 build/default/debug/board.o
                0x00000000008006ab                led3

.bss.led2       0x00000000008006af        0x4
 .bss.led2      0x00000000008006af        0x4 build/default/debug/board.o
                0x00000000008006af                led2

.bss.led1       0x00000000008006b3        0x4
 .bss.led1      0x00000000008006b3        0x4 build/default/debug/board.o
                0x00000000008006b3                led1

.bss.led0       0x00000000008006b7        0x4
 .bss.led0      0x00000000008006b7        0x4 build/default/debug/board.o
                0x00000000008006b7                led0

.bss.SD_Card_Type
                0x00000000008006c4        0x1
 .bss.SD_Card_Type
                0x00000000008006c4        0x1 build/default/debug/SDCard.o

.bss.print_buffer
                0x0000000000800561       0x50
 .bss.print_buffer
                0x0000000000800561       0x50 build/default/debug/UART_Print.o
                0x0000000000800561                print_buffer

.bss.buffer2_g  0x0000000000800102      0x200
 .bss.buffer2_g
                0x0000000000800102      0x200 build/default/debug/main.o
                0x0000000000800102                buffer2_g

.bss.buffer1_g  0x0000000000800302      0x200
 .bss.buffer1_g
                0x0000000000800302      0x200 build/default/debug/main.o
                0x0000000000800302                buffer1_g

.bss.drive_values
                0x000000000080063f       0x16
 .bss.drive_values
                0x000000000080063f       0x16 build/default/debug/Drive_Values.o
                0x000000000080063f                drive_values

progmem.data.CONFIG
                0x000000000000014a      0xf9e
 progmem.data.CONFIG
                0x000000000000014a      0xf9e build/default/debug/Config_Arrays.o
                0x000000000000014a                CONFIG

progmem.data.OLED_ASCII
                0x00000000000010e8      0x27b
 progmem.data.OLED_ASCII
                0x00000000000010e8      0x27b build/default/debug/OLED_Char_Map.o
                0x00000000000010e8                OLED_ASCII

progmem.data.Prnt_bytes_prnt
                0x0000000000001363       0x40
 progmem.data.Prnt_bytes_prnt
                0x0000000000001363       0x40 build/default/debug/print_memory.o
                0x0000000000001363                Prnt_bytes_prnt

progmem.data.CONFIG2
                0x00000000000013a3       0x32
 progmem.data.CONFIG2
                0x00000000000013a3       0x32 build/default/debug/Config_Arrays.o
                0x00000000000013a3                CONFIG2

progmem.data.Second_config_prnt
                0x00000000000013d5       0x24
 progmem.data.Second_config_prnt
                0x00000000000013d5       0x24 build/default/debug/STA013_config.o
                0x00000000000013d5                Second_config_prnt

progmem.data.SD_Card_SC
                0x00000000000013f9       0x23
 progmem.data.SD_Card_SC
                0x00000000000013f9       0x23 build/default/debug/SDCard.o
                0x00000000000013f9                SD_Card_SC

progmem.data.First_config_prnt
                0x000000000000141c       0x23
 progmem.data.First_config_prnt
                0x000000000000141c       0x23 build/default/debug/STA013_config.o
                0x000000000000141c                First_config_prnt

progmem.data.SD_Card_HC
                0x000000000000143f       0x1f
 progmem.data.SD_Card_HC
                0x000000000000143f       0x1f build/default/debug/SDCard.o
                0x000000000000143f                SD_Card_HC

progmem.data.SD_Card_BlSz
                0x000000000000145e       0x1e
 progmem.data.SD_Card_BlSz
                0x000000000000145e       0x1e build/default/debug/SDCard.o
                0x000000000000145e                SD_Card_BlSz

progmem.data.SD_Card_V2
                0x000000000000147c       0x1e
 progmem.data.SD_Card_V2
                0x000000000000147c       0x1e build/default/debug/SDCard.o
                0x000000000000147c                SD_Card_V2

progmem.data.SD_Card_V1
                0x000000000000149a       0x1e
 progmem.data.SD_Card_V1
                0x000000000000149a       0x1e build/default/debug/SDCard.o
                0x000000000000149a                SD_Card_V1

progmem.data.SD_Card_Intro
                0x00000000000014b8       0x1e
 progmem.data.SD_Card_Intro
                0x00000000000014b8       0x1e build/default/debug/SDCard.o
                0x00000000000014b8                SD_Card_Intro

progmem.data.SD_Header
                0x00000000000014d6       0x1c
 progmem.data.SD_Header
                0x00000000000014d6       0x1c build/default/debug/main.o
                0x00000000000014d6                SD_Header

progmem.data.Number_written_prnt
                0x00000000000014f2       0x1b
 progmem.data.Number_written_prnt
                0x00000000000014f2       0x1b build/default/debug/STA013_config.o
                0x00000000000014f2                Number_written_prnt

progmem.data.ID_Reg_prnt
                0x000000000000150d       0x1a
 progmem.data.ID_Reg_prnt
                0x000000000000150d       0x1a build/default/debug/STA013_config.o
                0x000000000000150d                ID_Reg_prnt

progmem.data.Mnt_Drv_1
                0x0000000000001527       0x1a
 progmem.data.Mnt_Drv_1
                0x0000000000001527       0x1a build/default/debug/File_System.o
                0x0000000000001527                Mnt_Drv_1

progmem.data.Config_Complete_prnt
                0x0000000000001541       0x19
 progmem.data.Config_Complete_prnt
                0x0000000000001541       0x19 build/default/debug/STA013_config.o
                0x0000000000001541                Config_Complete_prnt

progmem.data.OLED_Init_Commands
                0x000000000000155a       0x18
 progmem.data.OLED_Init_Commands
                0x000000000000155a       0x18 build/default/debug/OLED.o
                0x000000000000155a                OLED_Init_Commands

progmem.data.STA_rec_prnt
                0x0000000000001572       0x15
 progmem.data.STA_rec_prnt
                0x0000000000001572       0x15 build/default/debug/STA013_config.o
                0x0000000000001572                STA_rec_prnt

progmem.data.Mnt_Drv_8
                0x0000000000001587       0x14
 progmem.data.Mnt_Drv_8
                0x0000000000001587       0x14 build/default/debug/File_System.o
                0x0000000000001587                Mnt_Drv_8

progmem.data.Mnt_Drv_5
                0x000000000000159b       0x14
 progmem.data.Mnt_Drv_5
                0x000000000000159b       0x14 build/default/debug/File_System.o
                0x000000000000159b                Mnt_Drv_5

progmem.data.Mnt_Drv_4
                0x00000000000015af       0x14
 progmem.data.Mnt_Drv_4
                0x00000000000015af       0x14 build/default/debug/File_System.o
                0x00000000000015af                Mnt_Drv_4

progmem.data.Mnt_Drv_2
                0x00000000000015c3       0x14
 progmem.data.Mnt_Drv_2
                0x00000000000015c3       0x14 build/default/debug/File_System.o
                0x00000000000015c3                Mnt_Drv_2

progmem.data.Stnd_Cap
                0x00000000000015d7       0x13
 progmem.data.Stnd_Cap
                0x00000000000015d7       0x13 build/default/debug/main.o
                0x00000000000015d7                Stnd_Cap

progmem.data.STA_cfg_data
                0x00000000000015ea       0x12
 progmem.data.STA_cfg_data
                0x00000000000015ea       0x12 build/default/debug/STA013_config.o
                0x00000000000015ea                STA_cfg_data

progmem.data.STA_cfg_addr
                0x00000000000015fc       0x12
 progmem.data.STA_cfg_addr
                0x00000000000015fc       0x12 build/default/debug/STA013_config.o
                0x00000000000015fc                STA_cfg_addr

progmem.data.SD_Card_ACMD41
                0x000000000000160e       0x11
 progmem.data.SD_Card_ACMD41
                0x000000000000160e       0x11 build/default/debug/SDCard.o
                0x000000000000160e                SD_Card_ACMD41

progmem.data.STA_sent_prnt
                0x000000000000161f       0x11
 progmem.data.STA_sent_prnt
                0x000000000000161f       0x11 build/default/debug/STA013_config.o
                0x000000000000161f                STA_sent_prnt

progmem.data.SD_Card_CMD58
                0x0000000000001630       0x10
 progmem.data.SD_Card_CMD58
                0x0000000000001630       0x10 build/default/debug/SDCard.o
                0x0000000000001630                SD_Card_CMD58

progmem.data.SD_Card_CMD16
                0x0000000000001640       0x10
 progmem.data.SD_Card_CMD16
                0x0000000000001640       0x10 build/default/debug/SDCard.o
                0x0000000000001640                SD_Card_CMD16

progmem.data.LSI_Prompt
                0x0000000000001650       0x10
 progmem.data.LSI_Prompt
                0x0000000000001650       0x10 build/default/debug/main.o
                0x0000000000001650                LSI_Prompt

progmem.data.Mnt_Drv_7
                0x0000000000001660       0x10
 progmem.data.Mnt_Drv_7
                0x0000000000001660       0x10 build/default/debug/File_System.o
                0x0000000000001660                Mnt_Drv_7

progmem.data.SD_Card_CMD8
                0x0000000000001670        0xf
 progmem.data.SD_Card_CMD8
                0x0000000000001670        0xf build/default/debug/SDCard.o
                0x0000000000001670                SD_Card_CMD8

progmem.data.SD_Card_CMD0
                0x000000000000167f        0xf
 progmem.data.SD_Card_CMD0
                0x000000000000167f        0xf build/default/debug/SDCard.o
                0x000000000000167f                SD_Card_CMD0

progmem.data.High_Cap
                0x000000000000168e        0xf
 progmem.data.High_Cap
                0x000000000000168e        0xf build/default/debug/main.o
                0x000000000000168e                High_Cap

progmem.data.Mnt_Drv_6
                0x000000000000169d        0xe
 progmem.data.Mnt_Drv_6
                0x000000000000169d        0xe build/default/debug/File_System.o
                0x000000000000169d                Mnt_Drv_6

progmem.data.Mnt_Drv_3
                0x00000000000016ab        0xe
 progmem.data.Mnt_Drv_3
                0x00000000000016ab        0xe build/default/debug/File_System.o
                0x00000000000016ab                Mnt_Drv_3

progmem.data.Error_prnt
                0x00000000000016b9        0xd
 progmem.data.Error_prnt
                0x00000000000016b9        0xd build/default/debug/STA013_config.o
                0x00000000000016b9                Error_prnt

progmem.data.SD_Card_Resp
                0x00000000000016c6        0xc
 progmem.data.SD_Card_Resp
                0x00000000000016c6        0xc build/default/debug/SDCard.o
                0x00000000000016c6                SD_Card_Resp

progmem.data.Complete
                0x00000000000016d2        0x9
 progmem.data.Complete
                0x00000000000016d2        0x9 build/default/debug/main.o
                0x00000000000016d2                Complete

.text.SD_Card_Init
                0x00000000000016dc      0x864
 .text.SD_Card_Init
                0x00000000000016dc      0x864 build/default/debug/SDCard.o
                0x00000000000016dc                SD_Card_Init

.text.STA013_Init
                0x0000000000001f40      0x5e4
 .text.STA013_Init
                0x0000000000001f40      0x5e4 build/default/debug/STA013_config.o
                0x0000000000001f40                STA013_Init

.text.mount_drive
                0x0000000000002524      0x4f2
 .text.mount_drive
                0x0000000000002524      0x4f2 build/default/debug/File_System.o
                0x0000000000002524                mount_drive

.text.vfpfcnvrt
                0x0000000000002a16      0x3fc
 .text.vfpfcnvrt
                0x0000000000002a16      0x3fc c:/program files/microchip/xc8/v2.46/avr/bin/../lib/gcc/avr/5.4.0/../../../../avr/lib/avr5\libc.a(__printf_core.o)
                0x0000000000002a16                vfpfcnvrt

.text.play_song
                0x0000000000002e12      0x35a
 .text.play_song
                0x0000000000002e12      0x35a build/default/debug/Play_Song.o
                0x0000000000002e12                play_song

.text.print_directory
                0x000000000000316c      0x2b0
 .text.print_directory
                0x000000000000316c      0x2b0 build/default/debug/Directory_Functions.o
                0x000000000000316c                print_directory

.text.read_dir_entry
                0x000000000000341c      0x29a
 .text.read_dir_entry
                0x000000000000341c      0x29a build/default/debug/Directory_Functions.o
                0x000000000000341c                read_dir_entry

.text.main      0x00000000000036b6      0x1e8
 .text.main     0x00000000000036b6      0x1e8 build/default/debug/main.o
                0x00000000000036b6                main

.text.__fmt_x   0x000000000000389e      0x1dc
 .text.__fmt_x  0x000000000000389e      0x1dc c:/program files/microchip/xc8/v2.46/avr/bin/../lib/gcc/avr/5.4.0/../../../../avr/lib/avr5\libc.a(__fmt_x.o)
                0x000000000000389e                __fmt_x_needed
                0x000000000000389e                __fmt_x

.text.open_file
                0x0000000000003a7a      0x1cc
 .text.open_file
                0x0000000000003a7a      0x1cc build/default/debug/File_System.o
                0x0000000000003a7a                open_file

.text.TWI_master_transmit
                0x0000000000003c46      0x18e
 .text.TWI_master_transmit
                0x0000000000003c46      0x18e build/default/debug/TWI.o
                0x0000000000003c46                TWI_master_transmit

.text.Read_Block
                0x0000000000003dd4      0x138
 .text.Read_Block
                0x0000000000003dd4      0x138 build/default/debug/SDCard.o
                0x0000000000003dd4                Read_Block

.text.SPI_master_init
                0x0000000000003f0c      0x136
 .text.SPI_master_init
                0x0000000000003f0c      0x136 build/default/debug/SPI.o
                0x0000000000003f0c                SPI_master_init

.text.long_serial_input
                0x0000000000004042      0x11a
 .text.long_serial_input
                0x0000000000004042      0x11a build/default/debug/Long_Serial_In.o
                0x0000000000004042                long_serial_input

.text.TWI_master_receive
                0x000000000000415c      0x108
 .text.TWI_master_receive
                0x000000000000415c      0x108 build/default/debug/TWI.o
                0x000000000000415c                TWI_master_receive

.text.print_16bytes
                0x0000000000004264      0x108
 .text.print_16bytes
                0x0000000000004264      0x108 build/default/debug/print_memory.o
                0x0000000000004264                print_16bytes

.text.__fmt_d   0x000000000000436c       0xe4
 .text.__fmt_d  0x000000000000436c       0xe4 c:/program files/microchip/xc8/v2.46/avr/bin/../lib/gcc/avr/5.4.0/../../../../avr/lib/avr5\libc.a(__fmt_d.o)
                0x000000000000436c                __fmt_d
                0x000000000000436c                __fmt_d_needed

.text.__pop_int
                0x0000000000004450       0xd0
 .text.__pop_int
                0x0000000000004450       0xd0 c:/program files/microchip/xc8/v2.46/avr/bin/../lib/gcc/avr/5.4.0/../../../../avr/lib/avr5\libc.a(__pop_int.o)
                0x0000000000004450                __pop_int_needed
                0x0000000000004450                __pop_int

.text.__cvt_u   0x0000000000004520       0xca
 .text.__cvt_u  0x0000000000004520       0xca c:/program files/microchip/xc8/v2.46/avr/bin/../lib/gcc/avr/5.4.0/../../../../avr/lib/avr5\libc.a(__fmt_u.o)
                0x0000000000004520                __cvt_u

.text.Receive_Response
                0x00000000000045ea       0xc2
 .text.Receive_Response
                0x00000000000045ea       0xc2 build/default/debug/SDCard.o
                0x00000000000045ea                Receive_Response

.text.find_next_clus
                0x00000000000046ac       0xc2
 .text.find_next_clus
                0x00000000000046ac       0xc2 build/default/debug/File_System.o
                0x00000000000046ac                find_next_clus

.text.__fmt_o   0x000000000000476e       0xb2
 .text.__fmt_o  0x000000000000476e       0xb2 c:/program files/microchip/xc8/v2.46/avr/bin/../lib/gcc/avr/5.4.0/../../../../avr/lib/avr5\libc.a(__fmt_o.o)
                0x000000000000476e                __fmt_o
                0x000000000000476e                __fmt_o_needed

.text.Send_Command
                0x0000000000004820       0xa4
 .text.Send_Command
                0x0000000000004820       0xa4 build/default/debug/SDCard.o
                0x0000000000004820                Send_Command

.text.atol      0x00000000000048c4       0xa0
 .text.atol     0x00000000000048c4       0xa0 c:/program files/microchip/xc8/v2.46/avr/bin/../lib/gcc/avr/5.4.0/../../../../avr/lib/avr5\libc.a(atol.o)
                0x00000000000048c4                atol

.text.fputc     0x0000000000004964       0x98
 .text.fputc    0x0000000000004964       0x98 c:/program files/microchip/xc8/v2.46/avr/bin/../lib/gcc/avr/5.4.0/../../../../avr/lib/avr5\libc.a(fputc.o)
                0x0000000000004964                fputc
                0x0000000000004964                putc

.text.TWI_master_init
                0x00000000000049fc       0x90
 .text.TWI_master_init
                0x00000000000049fc       0x90 build/default/debug/TWI.o
                0x00000000000049fc                TWI_master_init

.text.OLED_init
                0x0000000000004a8c       0x8e
 .text.OLED_init
                0x0000000000004a8c       0x8e build/default/debug/OLED.o
                0x0000000000004a8c                OLED_init

.text.__fmt_u   0x0000000000004b1a       0x8e
 .text.__fmt_u  0x0000000000004b1a       0x8e c:/program files/microchip/xc8/v2.46/avr/bin/../lib/gcc/avr/5.4.0/../../../../avr/lib/avr5\libc.a(__fmt_u.o)
                0x0000000000004b1a                __fmt_u_needed
                0x0000000000004b1a                __fmt_u

.text.read_sector
                0x0000000000004ba8       0x84
 .text.read_sector
                0x0000000000004ba8       0x84 build/default/debug/Read_Sector.o
                0x0000000000004ba8                read_sector

.text.OLED_transmit_string
                0x0000000000004c2c       0x82
 .text.OLED_transmit_string
                0x0000000000004c2c       0x82 build/default/debug/OLED.o
                0x0000000000004c2c                OLED_transmit_string

.text.__printf_core
                0x0000000000004cae       0x78
 .text.__printf_core
                0x0000000000004cae       0x78 c:/program files/microchip/xc8/v2.46/avr/bin/../lib/gcc/avr/5.4.0/../../../../avr/lib/avr5\libc.a(__printf_core.o)
                0x0000000000004cae                __printf_core

.text.__vsnprintf
                0x0000000000004d26       0x74
 .text.__vsnprintf
                0x0000000000004d26       0x74 c:/program files/microchip/xc8/v2.46/avr/bin/../lib/gcc/avr/5.4.0/../../../../avr/lib/avr5\libc.a(__int_vsnprintf.o)
                0x0000000000004d26                __vsnprintf

.text.__pad     0x0000000000004d9a       0x72
 .text.__pad    0x0000000000004d9a       0x72 c:/program files/microchip/xc8/v2.46/avr/bin/../lib/gcc/avr/5.4.0/../../../../avr/lib/avr5\libc.a(__printf_core.o)
                0x0000000000004d9a                __pad

.text.OLED_send_char
                0x0000000000004e0c       0x70
 .text.OLED_send_char
                0x0000000000004e0c       0x70 build/default/debug/OLED.o
                0x0000000000004e0c                OLED_send_char

.text.UART_init
                0x0000000000004e7c       0x70
 .text.UART_init
                0x0000000000004e7c       0x70 build/default/debug/UART.o
                0x0000000000004e7c                UART_init

.text.UART_transmit_string
                0x0000000000004eec       0x6a
 .text.UART_transmit_string
                0x0000000000004eec       0x6a build/default/debug/UART_Print.o
                0x0000000000004eec                UART_transmit_string

.text.read_prec_or_width
                0x0000000000004f56       0x5c
 .text.read_prec_or_width
                0x0000000000004f56       0x5c c:/program files/microchip/xc8/v2.46/avr/bin/../lib/gcc/avr/5.4.0/../../../../avr/lib/avr5\libc.a(__printf_core.o)

.text.OLED_set_line
                0x0000000000004fb2       0x54
 .text.OLED_set_line
                0x0000000000004fb2       0x54 build/default/debug/OLED.o
                0x0000000000004fb2                OLED_set_line

.text.first_sector
                0x0000000000005006       0x54
 .text.first_sector
                0x0000000000005006       0x54 build/default/debug/File_System.o
                0x0000000000005006                first_sector

.text.__fmt_s   0x000000000000505a       0x54
 .text.__fmt_s  0x000000000000505a       0x54 c:/program files/microchip/xc8/v2.46/avr/bin/../lib/gcc/avr/5.4.0/../../../../avr/lib/avr5\libc.a(__fmt_s.o)
                0x000000000000505a                __fmt_s
                0x000000000000505a                __fmt_0_needed
                0x000000000000505a                __fmt_s_needed

.text.print_memory
                0x00000000000050ae       0x50
 .text.print_memory
                0x00000000000050ae       0x50 build/default/debug/print_memory.o
                0x00000000000050ae                print_memory

.text.libgcc.div
                0x00000000000050fe       0x44
 .text.libgcc.div
                0x00000000000050fe       0x44 c:/program files/microchip/xc8/v2.46/avr/bin/../lib/gcc/avr/5.4.0/avr5\libgcc.a(_udivmodsi4.o)
                0x00000000000050fe                __udivmodsi4

.text.copy_string_to_buffer
                0x0000000000005142       0x40
 .text.copy_string_to_buffer
                0x0000000000005142       0x40 build/default/debug/UART_Print.o
                0x0000000000005142                copy_string_to_buffer

.text.__fmt_state
                0x0000000000005182       0x40
 .text.__fmt_state
                0x0000000000005182       0x40 c:/program files/microchip/xc8/v2.46/avr/bin/../lib/gcc/avr/5.4.0/../../../../avr/lib/avr5\libc.a(__printf_core.o)
                0x0000000000005182                __fmt_state

.text.GPIO_input_ctor
                0x00000000000051c2       0x3e
 .text.GPIO_input_ctor
                0x00000000000051c2       0x3e build/default/debug/GPIO_Inputs.o
                0x00000000000051c2                GPIO_input_ctor

.text.GPIO_output_ctor
                0x0000000000005200       0x3c
 .text.GPIO_output_ctor
                0x0000000000005200       0x3c build/default/debug/GPIO_Outputs.o
                0x0000000000005200                GPIO_output_ctor

.text.SPI_receive
                0x000000000000523c       0x3a
 .text.SPI_receive
                0x000000000000523c       0x3a build/default/debug/SPI.o
                0x000000000000523c                SPI_receive

.text.__out     0x0000000000005276       0x3a
 .text.__out    0x0000000000005276       0x3a c:/program files/microchip/xc8/v2.46/avr/bin/../lib/gcc/avr/5.4.0/../../../../avr/lib/avr5\libc.a(__printf_core.o)
                0x0000000000005276                __out

.text.libgcc.prologue
                0x00000000000052b0       0x38
 .text.libgcc.prologue
                0x00000000000052b0       0x38 c:/program files/microchip/xc8/v2.46/avr/bin/../lib/gcc/avr/5.4.0/avr5\libgcc.a(_prologue.o)
                0x00000000000052b0                __prologue_saves__

.text.OLED_clear_line
                0x00000000000052e8       0x36
 .text.OLED_clear_line
                0x00000000000052e8       0x36 build/default/debug/OLED.o
                0x00000000000052e8                OLED_clear_line

.text.libgcc.prologue
                0x000000000000531e       0x36
 .text.libgcc.prologue
                0x000000000000531e       0x36 c:/program files/microchip/xc8/v2.46/avr/bin/../lib/gcc/avr/5.4.0/avr5\libgcc.a(_epilogue.o)
                0x000000000000531e                __epilogue_restores__

.text.LED_set_value
                0x0000000000005354       0x32
 .text.LED_set_value
                0x0000000000005354       0x32 build/default/debug/LEDS.o
                0x0000000000005354                LED_set_value

.text.OLED_reset_control
                0x0000000000005386       0x32
 .text.OLED_reset_control
                0x0000000000005386       0x32 build/default/debug/OLED.o
                0x0000000000005386                OLED_reset_control

.text.OLED_CMD_control
                0x00000000000053b8       0x32
 .text.OLED_CMD_control
                0x00000000000053b8       0x32 build/default/debug/OLED.o
                0x00000000000053b8                OLED_CMD_control

.text.SPI_CS_set_value
                0x00000000000053ea       0x32
 .text.SPI_CS_set_value
                0x00000000000053ea       0x32 build/default/debug/SPI_CS.o
                0x00000000000053ea                SPI_CS_set_value

.text.SPI_transmit
                0x000000000000541c       0x30
 .text.SPI_transmit
                0x000000000000541c       0x30 build/default/debug/SPI.o
                0x000000000000541c                SPI_transmit

.text.__vfprintf
                0x000000000000544c       0x30
 .text.__vfprintf
                0x000000000000544c       0x30 c:/program files/microchip/xc8/v2.46/avr/bin/../lib/gcc/avr/5.4.0/../../../../avr/lib/avr5\libc.a(__int_vfprintf.o)
                0x000000000000544c                __vfprintf

.text.STA013_output_set_value
                0x000000000000547c       0x2e
 .text.STA013_output_set_value
                0x000000000000547c       0x2e build/default/debug/STA013_config.o
                0x000000000000547c                STA013_output_set_value

.text.read_value_32
                0x00000000000054aa       0x2c
 .text.read_value_32
                0x00000000000054aa       0x2c build/default/debug/Read_Values.o
                0x00000000000054aa                read_value_32

.text.OLED_clear_display
                0x00000000000054d6       0x2a
 .text.OLED_clear_display
                0x00000000000054d6       0x2a build/default/debug/OLED.o
                0x00000000000054d6                OLED_clear_display

.text.UART_transmit
                0x0000000000005500       0x28
 .text.UART_transmit
                0x0000000000005500       0x28 build/default/debug/UART.o
                0x0000000000005500                UART_transmit

.text.libgcc.div
                0x0000000000005528       0x28
 .text.libgcc.div
                0x0000000000005528       0x28 c:/program files/microchip/xc8/v2.46/avr/bin/../lib/gcc/avr/5.4.0/avr5\libgcc.a(_udivmodhi4.o)
                0x0000000000005528                __udivmodhi4

.text.__wrap_sprintf
                0x0000000000005550       0x24
 .text.__wrap_sprintf
                0x0000000000005550       0x24 c:/program files/microchip/xc8/v2.46/avr/bin/../lib/gcc/avr/5.4.0/../../../../avr/lib/avr5\libc.a(__sio_sprintf_doux.o)
                0x0000000000005550                _sprintf_cdopuxX

.text.libgcc.mul
                0x0000000000005574       0x1e
 .text.libgcc.mul
                0x0000000000005574       0x1e c:/program files/microchip/xc8/v2.46/avr/bin/../lib/gcc/avr/5.4.0/avr5\libgcc.a(_umulhisi3.o)
                0x0000000000005574                __umulhisi3

.text.strlen    0x0000000000005592       0x1c
 .text.strlen   0x0000000000005592       0x1c c:/program files/microchip/xc8/v2.46/avr/bin/../lib/gcc/avr/5.4.0/../../../../avr/lib/avr5\libc.a(strlen.o)
                0x0000000000005592                strlen

.text.LED_ctor  0x00000000000055ae       0x18
 .text.LED_ctor
                0x00000000000055ae       0x18 build/default/debug/LEDS.o
                0x00000000000055ae                LED_ctor

.text.OLED_SS_init
                0x00000000000055c6       0x18
 .text.OLED_SS_init
                0x00000000000055c6       0x18 build/default/debug/OLED.o
                0x00000000000055c6                OLED_SS_init

.text.SPI_CS_ctor
                0x00000000000055de       0x18
 .text.SPI_CS_ctor
                0x00000000000055de       0x18 build/default/debug/SPI_CS.o
                0x00000000000055de                SPI_CS_ctor

.text.read_value_16
                0x00000000000055f6       0x16
 .text.read_value_16
                0x00000000000055f6       0x16 build/default/debug/Read_Values.o
                0x00000000000055f6                read_value_16

.text.libgcc.mul
                0x000000000000560c       0x16
 .text.libgcc.mul
                0x000000000000560c       0x16 c:/program files/microchip/xc8/v2.46/avr/bin/../lib/gcc/avr/5.4.0/avr5\libgcc.a(_muluhisi3.o)
                0x000000000000560c                __muluhisi3

.text.exit      0x0000000000005622       0x16
 .text.exit     0x0000000000005622       0x16 c:/program files/microchip/xc8/v2.46/avr/bin/../lib/gcc/avr/5.4.0/../../../../avr/lib/avr5\libc.a(exit.o)
                0x0000000000005622                exit

.text.OLED_reset_init
                0x0000000000005638       0x12
 .text.OLED_reset_init
                0x0000000000005638       0x12 build/default/debug/OLED.o
                0x0000000000005638                OLED_reset_init

.text.OLED_CMD_init
                0x000000000000564a       0x12
 .text.OLED_CMD_init
                0x000000000000564a       0x12 build/default/debug/OLED.o
                0x000000000000564a                OLED_CMD_init

.text.toupper   0x000000000000565c       0x12
 .text.toupper  0x000000000000565c       0x12 c:/program files/microchip/xc8/v2.46/avr/bin/../lib/gcc/avr/5.4.0/../../../../avr/lib/avr5\libc.a(toupper.o)
                0x000000000000565c                toupper

.text.tolower   0x000000000000566e       0x10
 .text.tolower  0x000000000000566e       0x10 c:/program files/microchip/xc8/v2.46/avr/bin/../lib/gcc/avr/5.4.0/../../../../avr/lib/avr5\libc.a(tolower.o)
                0x000000000000566e                tolower

.text.__vsprintf
                0x000000000000567e        0xe
 .text.__vsprintf
                0x000000000000567e        0xe c:/program files/microchip/xc8/v2.46/avr/bin/../lib/gcc/avr/5.4.0/../../../../avr/lib/avr5\libc.a(__int_vsprintf.o)
                0x000000000000567e                __vsprintf

.text.OLED_SS_control
                0x000000000000568c        0xc
 .text.OLED_SS_control
                0x000000000000568c        0xc build/default/debug/OLED.o
                0x000000000000568c                OLED_SS_control

.text.UART_receive
                0x0000000000005698        0xc
 .text.UART_receive
                0x0000000000005698        0xc build/default/debug/UART.o
                0x0000000000005698                UART_receive

.text.read_value_8
                0x00000000000056a4        0xa
 .text.read_value_8
                0x00000000000056a4        0xa build/default/debug/Read_Values.o
                0x00000000000056a4                read_value_8

.text.Return_SD_Card_Type
                0x00000000000056ae        0x6
 .text.Return_SD_Card_Type
                0x00000000000056ae        0x6 build/default/debug/SDCard.o
                0x00000000000056ae                Return_SD_Card_Type

.text.export_print_buffer
                0x00000000000056b4        0x6
 .text.export_print_buffer
                0x00000000000056b4        0x6 build/default/debug/UART_Print.o
                0x00000000000056b4                export_print_buffer

.text.export_drive_values
                0x00000000000056ba        0x6
 .text.export_drive_values
                0x00000000000056ba        0x6 build/default/debug/Drive_Values.o
                0x00000000000056ba                export_drive_values

.text           0x00000000000056c0        0x4
 .text          0x00000000000056c0        0x4 C:/Users/Younger/.mchp_packs/Microchip/ATmega_DFP/3.2.269/xc8/avr/lib/avr5/crtatmega324pb.o
                0x00000000000056c0                __vector_38
                0x00000000000056c0                __vector_22
                0x00000000000056c0                __vector_28
                0x00000000000056c0                __vector_1
                0x00000000000056c0                __vector_32
                0x00000000000056c0                __vector_34
                0x00000000000056c0                __vector_24
                0x00000000000056c0                __vector_12
                0x00000000000056c0                __vector_46
                0x00000000000056c0                __bad_interrupt
                0x00000000000056c0                __vector_6
                0x00000000000056c0                __vector_31
                0x00000000000056c0                __vector_35
                0x00000000000056c0                __vector_39
                0x00000000000056c0                __vector_3
                0x00000000000056c0                __vector_23
                0x00000000000056c0                __vector_30
                0x00000000000056c0                __vector_45
                0x00000000000056c0                __vector_25
                0x00000000000056c0                __vector_11
                0x00000000000056c0                __vector_13
                0x00000000000056c0                __vector_17
                0x00000000000056c0                __vector_19
                0x00000000000056c0                __vector_7
                0x00000000000056c0                __vector_49
                0x00000000000056c0                __vector_41
                0x00000000000056c0                __vector_43
                0x00000000000056c0                __vector_27
                0x00000000000056c0                __vector_5
                0x00000000000056c0                __vector_33
                0x00000000000056c0                __vector_47
                0x00000000000056c0                __vector_37
                0x00000000000056c0                __vector_4
                0x00000000000056c0                __vector_44
                0x00000000000056c0                __vector_9
                0x00000000000056c0                __vector_2
                0x00000000000056c0                __vector_21
                0x00000000000056c0                __vector_15
                0x00000000000056c0                __vector_36
                0x00000000000056c0                __vector_29
                0x00000000000056c0                __vector_40
                0x00000000000056c0                __vector_8
                0x00000000000056c0                __vector_26
                0x00000000000056c0                __vector_48
                0x00000000000056c0                __vector_14
                0x00000000000056c0                __vector_10
                0x00000000000056c0                __vector_50
                0x00000000000056c0                __vector_16
                0x00000000000056c0                __vector_18
                0x00000000000056c0                __vector_20
                0x00000000000056c0                __vector_42

.text._Exit     0x00000000000056c4        0x4
 .text._Exit    0x00000000000056c4        0x4 c:/program files/microchip/xc8/v2.46/avr/bin/../lib/gcc/avr/5.4.0/../../../../avr/lib/avr5\libc.a(_Exit.o)
                0x00000000000056c4                _Exit

.text.__dummy_fini
                0x00000000000056c8        0x2
 .text.__dummy_fini
                0x00000000000056c8        0x2 c:/program files/microchip/xc8/v2.46/avr/bin/../lib/gcc/avr/5.4.0/../../../../avr/lib/avr5\libc.a(exit.o)
                0x00000000000056c8                _fini

.text.__dummy_funcs_on_exit
                0x00000000000056ca        0x2
 .text.__dummy_funcs_on_exit
                0x00000000000056ca        0x2 c:/program files/microchip/xc8/v2.46/avr/bin/../lib/gcc/avr/5.4.0/../../../../avr/lib/avr5\libc.a(exit.o)
                0x00000000000056ca                __funcs_on_exit

.text.__dummy_simulator_exit
                0x00000000000056cc        0x2
 .text.__dummy_simulator_exit
                0x00000000000056cc        0x2 c:/program files/microchip/xc8/v2.46/avr/bin/../lib/gcc/avr/5.4.0/../../../../avr/lib/avr5\libc.a(exit.o)
                0x00000000000056cc                __simulator_exit

.rodata         0x0000000000800502       0x5f load address 0x00000000000056ce
 .rodata        0x0000000000800502       0x5f build/default/debug/File_System.o

.rodata         0x00000000008005b1       0x3d load address 0x000000000000572d
 .rodata        0x00000000008005b1       0x3d build/default/debug/STA013_config.o

.rodata         0x00000000008005ee       0x31 load address 0x000000000000576a
 .rodata        0x00000000008005ee       0x31 build/default/debug/Play_Song.o

.rodata         0x000000000080061f       0x20 load address 0x000000000000579b
 .rodata        0x000000000080061f       0x20 build/default/debug/SDCard.o

.rodata.state_table
                0x0000000000800655       0x16 load address 0x00000000000057bb
 .rodata.state_table
                0x0000000000800655       0x16 c:/program files/microchip/xc8/v2.46/avr/bin/../lib/gcc/avr/5.4.0/../../../../avr/lib/avr5\libc.a(__printf_core.o)

.rodata         0x000000000080066b       0x15 load address 0x00000000000057d1
 .rodata        0x000000000080066b       0x15 build/default/debug/print_memory.o

.rodata         0x0000000000800680        0xe load address 0x00000000000057e6
 .rodata        0x0000000000800680        0xe build/default/debug/Directory_Functions.o

.rodata.nuls.2781
                0x000000000080068e        0x7 load address 0x00000000000057f4
 .rodata.nuls.2781
                0x000000000080068e        0x7 c:/program files/microchip/xc8/v2.46/avr/bin/../lib/gcc/avr/5.4.0/../../../../avr/lib/avr5\libc.a(__fmt_s.o)

.rodata.nilstr.2962
                0x0000000000800695        0x6 load address 0x00000000000057fb
 .rodata.nilstr.2962
                0x0000000000800695        0x6 c:/program files/microchip/xc8/v2.46/avr/bin/../lib/gcc/avr/5.4.0/../../../../avr/lib/avr5\libc.a(__printf_core.o)
