Archive member included to satisfy reference by file (symbol)

/Applications/microchip/xc8/v2.46/avr/bin/../lib/gcc/avr/5.4.0/avr5/libgcc.a(_udivmodsi4.o)
                              build/default/debug/SPI.o (__udivmodsi4)
/Applications/microchip/xc8/v2.46/avr/bin/../lib/gcc/avr/5.4.0/avr5/libgcc.a(_copy_data.o)
                              build/default/debug/Directory_Functions.o (__do_copy_data)
/Applications/microchip/xc8/v2.46/avr/bin/../lib/gcc/avr/5.4.0/../../../../avr/lib/avr5/libc.a(exit.o)
                              /Users/owenhancock/.mchp_packs/Microchip/ATmega_DFP/3.2.269/xc8/avr/lib/avr5/crtatmega324pb.o (exit)
/Applications/microchip/xc8/v2.46/avr/bin/../lib/gcc/avr/5.4.0/../../../../avr/lib/avr5/libc.a(__sio_printf_doux.o)
                              build/default/debug/main.o (_printf_cdopuxX)
/Applications/microchip/xc8/v2.46/avr/bin/../lib/gcc/avr/5.4.0/../../../../avr/lib/avr5/libc.a(__sio_sprintf_doux.o)
                              build/default/debug/Directory_Functions.o (_sprintf_cdopuxX)
/Applications/microchip/xc8/v2.46/avr/bin/../lib/gcc/avr/5.4.0/../../../../avr/lib/avr5/libc.a(__fmt_d.o)
                              /Applications/microchip/xc8/v2.46/avr/bin/../lib/gcc/avr/5.4.0/../../../../avr/lib/avr5/libc.a(__sio_printf_doux.o) (__fmt_d_needed)
/Applications/microchip/xc8/v2.46/avr/bin/../lib/gcc/avr/5.4.0/../../../../avr/lib/avr5/libc.a(__fmt_o.o)
                              /Applications/microchip/xc8/v2.46/avr/bin/../lib/gcc/avr/5.4.0/../../../../avr/lib/avr5/libc.a(__sio_printf_doux.o) (__fmt_o_needed)
/Applications/microchip/xc8/v2.46/avr/bin/../lib/gcc/avr/5.4.0/../../../../avr/lib/avr5/libc.a(__fmt_s.o)
                              /Applications/microchip/xc8/v2.46/avr/bin/../lib/gcc/avr/5.4.0/../../../../avr/lib/avr5/libc.a(__sio_printf_doux.o) (__fmt_s_needed)
/Applications/microchip/xc8/v2.46/avr/bin/../lib/gcc/avr/5.4.0/../../../../avr/lib/avr5/libc.a(__fmt_u.o)
                              /Applications/microchip/xc8/v2.46/avr/bin/../lib/gcc/avr/5.4.0/../../../../avr/lib/avr5/libc.a(__fmt_d.o) (__cvt_u)
/Applications/microchip/xc8/v2.46/avr/bin/../lib/gcc/avr/5.4.0/../../../../avr/lib/avr5/libc.a(__fmt_x.o)
                              /Applications/microchip/xc8/v2.46/avr/bin/../lib/gcc/avr/5.4.0/../../../../avr/lib/avr5/libc.a(__sio_printf_doux.o) (__fmt_x_needed)
/Applications/microchip/xc8/v2.46/avr/bin/../lib/gcc/avr/5.4.0/../../../../avr/lib/avr5/libc.a(__pop_int.o)
                              /Applications/microchip/xc8/v2.46/avr/bin/../lib/gcc/avr/5.4.0/../../../../avr/lib/avr5/libc.a(__sio_printf_doux.o) (__pop_int_needed)
/Applications/microchip/xc8/v2.46/avr/bin/../lib/gcc/avr/5.4.0/../../../../avr/lib/avr5/libc.a(__printf_core.o)
                              /Applications/microchip/xc8/v2.46/avr/bin/../lib/gcc/avr/5.4.0/../../../../avr/lib/avr5/libc.a(__fmt_d.o) (__pad)
/Applications/microchip/xc8/v2.46/avr/bin/../lib/gcc/avr/5.4.0/../../../../avr/lib/avr5/libc.a(fputc.o)
                              /Applications/microchip/xc8/v2.46/avr/bin/../lib/gcc/avr/5.4.0/../../../../avr/lib/avr5/libc.a(__printf_core.o) (fputc)
/Applications/microchip/xc8/v2.46/avr/bin/../lib/gcc/avr/5.4.0/../../../../avr/lib/avr5/libc.a(stdout.o)
                              /Applications/microchip/xc8/v2.46/avr/bin/../lib/gcc/avr/5.4.0/../../../../avr/lib/avr5/libc.a(__sio_printf_doux.o) (_stdout)
/Applications/microchip/xc8/v2.46/avr/bin/../lib/gcc/avr/5.4.0/../../../../avr/lib/avr5/libc.a(atol.o)
                              build/default/debug/Long_Serial_In.o (atol)
/Applications/microchip/xc8/v2.46/avr/bin/../lib/gcc/avr/5.4.0/../../../../avr/lib/avr5/libc.a(strlen.o)
                              /Applications/microchip/xc8/v2.46/avr/bin/../lib/gcc/avr/5.4.0/../../../../avr/lib/avr5/libc.a(__fmt_s.o) (strlen)
/Applications/microchip/xc8/v2.46/avr/bin/../lib/gcc/avr/5.4.0/../../../../avr/lib/avr5/libc.a(tolower.o)
                              /Applications/microchip/xc8/v2.46/avr/bin/../lib/gcc/avr/5.4.0/../../../../avr/lib/avr5/libc.a(__printf_core.o) (tolower)
/Applications/microchip/xc8/v2.46/avr/bin/../lib/gcc/avr/5.4.0/../../../../avr/lib/avr5/libc.a(toupper.o)
                              /Applications/microchip/xc8/v2.46/avr/bin/../lib/gcc/avr/5.4.0/../../../../avr/lib/avr5/libc.a(__fmt_x.o) (toupper)
/Applications/microchip/xc8/v2.46/avr/bin/../lib/gcc/avr/5.4.0/../../../../avr/lib/avr5/libc.a(errno.o)
                              /Applications/microchip/xc8/v2.46/avr/bin/../lib/gcc/avr/5.4.0/../../../../avr/lib/avr5/libc.a(__printf_core.o) (__errno_val)
/Applications/microchip/xc8/v2.46/avr/bin/../lib/gcc/avr/5.4.0/../../../../avr/lib/avr5/libc.a(_Exit.o)
                              /Applications/microchip/xc8/v2.46/avr/bin/../lib/gcc/avr/5.4.0/../../../../avr/lib/avr5/libc.a(exit.o) (_Exit)
/Applications/microchip/xc8/v2.46/avr/bin/../lib/gcc/avr/5.4.0/../../../../avr/lib/avr5/libc.a(__int_vfprintf.o)
[...]
Memory Configuration

Name             Origin             Length             Attributes
text             0x0000000000000000 0x0000000000008000 xr
data             0x0000000000800100 0x0000000000000800 rw !x
eeprom           0x0000000000810000 0x0000000000000400 rw !x
fuse             0x0000000000820000 0x0000000000000003 rw !x
lock             0x0000000000830000 0x0000000000000400 rw !x
signature        0x0000000000840000 0x0000000000000400 rw !x
user_signatures  0x0000000000850000 0x0000000000000400 rw !x
bootrow          0x0000000000860000 0x0000000000000400 rw !x
*default*        0x0000000000000000 0xffffffffffffffff

Linker script and memory map

Address of section .data set to 0x800100
LOAD /Users/owenhancock/.mchp_packs/Microchip/ATmega_DFP/3.2.269/xc8/avr/lib/avr5/crtatmega324pb.o
                0x0000000000000001                __MPLAB_BUILD = 0x1
LOAD build/default/debug/Directory_Functions.o
LOAD build/default/debug/Drive_Values.o
LOAD build/default/debug/GPIO_Outputs.o
LOAD build/default/debug/LEDS.o
LOAD build/default/debug/Long_Serial_In.o
LOAD build/default/debug/OLED.o
LOAD build/default/debug/OLED_Char_Map.o
LOAD build/default/debug/board.o
LOAD build/default/debug/main.o
LOAD build/default/debug/Read_Sector.o
LOAD build/default/debug/Read_Values.o
LOAD build/default/debug/SDCard.o
LOAD build/default/debug/SPI.o
LOAD build/default/debug/SPI_CS.o
LOAD build/default/debug/UART.o
LOAD build/default/debug/UART_Print.o
LOAD build/default/debug/print_memory.o
START GROUP
LOAD /Applications/microchip/xc8/v2.46/avr/bin/../lib/gcc/avr/5.4.0/../../../../avr/lib/avr5/libm.a
END GROUP
                0x0000000000000001                __MPLAB_DEBUG = 0x1
                0x0000000000000001                __DEBUG = 0x1
START GROUP
LOAD /Applications/microchip/xc8/v2.46/avr/bin/../lib/gcc/avr/5.4.0/avr5/libgcc.a
LOAD /Applications/microchip/xc8/v2.46/avr/bin/../lib/gcc/avr/5.4.0/../../../../avr/lib/avr5/libm.a
LOAD /Applications/microchip/xc8/v2.46/avr/bin/../lib/gcc/avr/5.4.0/../../../../avr/lib/avr5/libc.a
LOAD /Users/owenhancock/.mchp_packs/Microchip/ATmega_DFP/3.2.269/xc8/avr/lib/avr5/libatmega324pb.a
END GROUP
                [0x0000000000000000]                __TEXT_REGION_ORIGIN__ = DEFINED (__TEXT_REGION_ORIGIN__)?__TEXT_REGION_ORIGIN__:0x0
                [0x0000000000800100]                __DATA_REGION_ORIGIN__ = DEFINED (__DATA_REGION_ORIGIN__)?__DATA_REGION_ORIGIN__:0x800060
                [0x0000000000008000]                __TEXT_REGION_LENGTH__ = DEFINED (__TEXT_REGION_LENGTH__)?__TEXT_REGION_LENGTH__:0x20000
                [0x0000000000000800]                __DATA_REGION_LENGTH__ = DEFINED (__DATA_REGION_LENGTH__)?__DATA_REGION_LENGTH__:0xffa0
                [0x0000000000000400]                __EEPROM_REGION_LENGTH__ = DEFINED (__EEPROM_REGION_LENGTH__)?__EEPROM_REGION_LENGTH__:0x10000
                [0x0000000000000003]                __FUSE_REGION_LENGTH__ = DEFINED (__FUSE_REGION_LENGTH__)?__FUSE_REGION_LENGTH__:0x400
                0x0000000000000400                __LOCK_REGION_LENGTH__ = DEFINED (__LOCK_REGION_LENGTH__)?__LOCK_REGION_LENGTH__:0x400
                0x0000000000000400                __SIGNATURE_REGION_LENGTH__ = DEFINED (__SIGNATURE_REGION_LENGTH__)?__SIGNATURE_REGION_LENGTH__:0x400
                0x0000000000000400                __USER_SIGNATURE_REGION_LENGTH__ = DEFINED (__USER_SIGNATURE_REGION_LENGTH__)?__USER_SIGNATURE_REGION_LENGTH__:0x400
                0x0000000000000400                __BOOTROW_REGION_LENGTH__ = DEFINED (__BOOTROW_REGION_LENGTH__)?__BOOTROW_REGION_LENGTH__:0x400

.hash
 *(.hash)

.dynsym
 *(.dynsym)

.dynstr
 *(.dynstr)

.gnu.version
 *(.gnu.version)

.gnu.version_d
 *(.gnu.version_d)

.gnu.version_r
 *(.gnu.version_r)

.rel.init
 *(.rel.init)

.rela.init
 *(.rela.init)

.rel.text
 *(.rel.text)
 *(.rel.text.*)
 *(.rel.gnu.linkonce.t*)

.rela.text
 *(.rela.text)
 *(.rela.text.*)
 *(.rela.gnu.linkonce.t*)

.rel.fini
 *(.rel.fini)

.rela.fini
 *(.rela.fini)

.rel.rodata
 *(.rel.rodata)
 *(.rel.rodata.*)
 *(.rel.gnu.linkonce.r*)

.rela.rodata
 *(.rela.rodata)
 *(.rela.rodata.*)
 *(.rela.gnu.linkonce.r*)

.rel.data
 *(.rel.data)
 *(.rel.data.*)
 *(.rel.gnu.linkonce.d*)

.rela.data
 *(.rela.data)
 *(.rela.data.*)
 *(.rela.gnu.linkonce.d*)

.rel.ctors
 *(.rel.ctors)

.rela.ctors
 *(.rela.ctors)

.rel.dtors
 *(.rel.dtors)

.rela.dtors
 *(.rela.dtors)

.rel.got
 *(.rel.got)

.rela.got
 *(.rela.got)

.rel.bss
 *(.rel.bss)

.rela.bss
 *(.rela.bss)

.rel.plt
 *(.rel.plt)

.rela.plt
 *(.rela.plt)

.text           0x0000000000000000      0x14a
 *(.vectors)
 .vectors       0x0000000000000000       0xcc /Users/owenhancock/.mchp_packs/Microchip/ATmega_DFP/3.2.269/xc8/avr/lib/avr5/crtatmega324pb.o
                0x0000000000000000                __vectors
                0x0000000000000000                __vector_default
 *(.vectors)
 *(.progmem.gcc*)
 *(.dinit)
 .dinit         0x00000000000000cc       0x29 data_init
                0x00000000000000f6                . = ALIGN (0x2)
 *fill*         0x00000000000000f5        0x1 
                0x00000000000000f6                __trampolines_start = .
 *(.trampolines)
 .trampolines   0x00000000000000f6        0x0 linker stubs
 *(.trampolines*)
                0x00000000000000f6                __trampolines_end = .
 *libprintf_flt.a:*(.progmem.data)
 *libc.a:*(.progmem.data)
                0x00000000000000f6                . = ALIGN (0x2)
 *(.jumptables)
 *(.jumptables*)
 *(.lowtext)
 *(.lowtext*)
                0x00000000000000f6                __ctors_start = .
 *(.ctors)
                0x00000000000000f6                __ctors_end = .
                0x00000000000000f6                __dtors_start = .
 *(.dtors)
                0x00000000000000f6                __dtors_end = .
 SORT(*)(.ctors)
 SORT(*)(.dtors)
 *(.init0)
 .init0         0x00000000000000f6        0x0 /Users/owenhancock/.mchp_packs/Microchip/ATmega_DFP/3.2.269/xc8/avr/lib/avr5/crtatmega324pb.o
                0x00000000000000f6                __init
 *(.init0)
 *(.init1)
 *(.init1)
 *(.init2)
 .init2         0x00000000000000f6        0xc /Users/owenhancock/.mchp_packs/Microchip/ATmega_DFP/3.2.269/xc8/avr/lib/avr5/crtatmega324pb.o
 *(.init2)
 *(.init3)
 *(.init3)
 *(.init4)
 .init4         0x0000000000000102       0x3c /Applications/microchip/xc8/v2.46/avr/bin/../lib/gcc/avr/5.4.0/avr5/libgcc.a(_copy_data.o)
                0x0000000000000102                __do_copy_data
                0x0000000000000130                __do_clear_bss
 *(.init4)
 *(.init5)
 *(.init5)
 *(.init6)
 *(.init6)
 *(.init7)
 *(.init7)
 *(.init8)
 *(.init8)
 *(.init9)
 .init9         0x000000000000013e        0x8 /Users/owenhancock/.mchp_packs/Microchip/ATmega_DFP/3.2.269/xc8/avr/lib/avr5/crtatmega324pb.o
 *(.init9)
                0x0000000000000146                . = ALIGN (0x2)
 *(.fini9)
 .fini9         0x0000000000000146        0x0 /Applications/microchip/xc8/v2.46/avr/bin/../lib/gcc/avr/5.4.0/avr5/libgcc.a(_exit.o)
                0x0000000000000146                _exit
 *(.fini9)
 *(.fini8)
 *(.fini8)
 *(.fini7)
 *(.fini7)
 *(.fini6)
 *(.fini6)
 *(.fini5)
 *(.fini5)
 *(.fini4)
 *(.fini4)
 *(.fini3)
 *(.fini3)
 *(.fini2)
 *(.fini2)
 *(.fini1)
 *(.fini1)
 *(.fini0)
 .fini0         0x0000000000000146        0x4 /Applications/microchip/xc8/v2.46/avr/bin/../lib/gcc/avr/5.4.0/avr5/libgcc.a(_exit.o)
 *(.fini0)
                0x000000000000014a                _etext = .

.data           0x0000000000800100        0x0 load address 0x000000000000014a
                [!provide]                        PROVIDE (__data_start, .)
 *(.gnu.linkonce.d*)
 *(.gnu.linkonce.r*)
                0x0000000000800100                . = ALIGN (0x2)
                0x0000000000800100                _edata = .
                [!provide]                        PROVIDE (__data_end, .)

.bss            0x0000000000800100        0x2
                [!provide]                        PROVIDE (__bss_start, .)
 *(COMMON)
 COMMON         0x0000000000800100        0x2 /Applications/microchip/xc8/v2.46/avr/bin/../lib/gcc/avr/5.4.0/../../../../avr/lib/avr5/libc.a(errno.o)
                0x0000000000800100                __errno_val
                [!provide]                        PROVIDE (__bss_end, .)
                0x000000000000014a                __data_load_start = LOADADDR (.data)
                0x000000000000014a                __data_load_end = (__data_load_start + SIZEOF (.data))

.noinit         0x0000000000800102        0x0
                [!provide]                        PROVIDE (__noinit_start, .)
 *(.noinit*)
                [!provide]                        PROVIDE (__noinit_end, .)
                0x0000000000800102                _end = .

.eeprom         0x0000000000810000        0x0
 *(.eeprom*)
                0x0000000000810000                __eeprom_end = .

.fuse
 *(.fuse)
 *(.lfuse)
 *(.hfuse)
 *(.efuse)

.lock
 *(.lock*)

.signature
 *(.signature*)

.user_signatures
 *(.user_signatures*)

.bootrow
 *(.bootrow*)

.stab
 *(.stab)

.stabstr
 *(.stabstr)

.stab.excl
 *(.stab.excl)

.stab.exclstr
 *(.stab.exclstr)

.stab.index
 *(.stab.index)

.stab.indexstr
 *(.stab.indexstr)

.comment        0x0000000000000000       0x5b
 *(.comment)
 .comment       0x0000000000000000       0x2f build/default/debug/GPIO_Outputs.o
                                         0x30 (size before relaxing)
 .comment       0x000000000000002f       0x30 build/default/debug/LEDS.o
 .comment       0x000000000000002f       0x30 build/default/debug/Long_Serial_In.o
 .comment       0x000000000000002f       0x30 build/default/debug/OLED.o
 .comment       0x000000000000002f       0x30 build/default/debug/OLED_Char_Map.o
 .comment       0x000000000000002f       0x30 build/default/debug/board.o
 .comment       0x000000000000002f       0x30 build/default/debug/main.o
 .comment       0x000000000000002f       0x30 build/default/debug/Read_Sector.o
 .comment       0x000000000000002f       0x30 build/default/debug/Read_Values.o
 .comment       0x000000000000002f       0x30 build/default/debug/SDCard.o
 .comment       0x000000000000002f       0x30 build/default/debug/SPI.o
 .comment       0x000000000000002f       0x30 build/default/debug/SPI_CS.o
 .comment       0x000000000000002f       0x30 build/default/debug/UART.o
 .comment       0x000000000000002f       0x30 build/default/debug/UART_Print.o
 .comment       0x000000000000002f       0x30 build/default/debug/print_memory.o
 .comment       0x000000000000002f       0x2c /Applications/microchip/xc8/v2.46/avr/bin/../lib/gcc/avr/5.4.0/../../../../avr/lib/avr5/libc.a(exit.o)
                                         0x2d (size before relaxing)
 .comment       0x000000000000005b       0x2d /Applications/microchip/xc8/v2.46/avr/bin/../lib/gcc/avr/5.4.0/../../../../avr/lib/avr5/libc.a(__sio_printf_doux.o)
 .comment       0x000000000000005b       0x2d /Applications/microchip/xc8/v2.46/avr/bin/../lib/gcc/avr/5.4.0/../../../../avr/lib/avr5/libc.a(__sio_sprintf_doux.o)
 .comment       0x000000000000005b       0x2d /Applications/microchip/xc8/v2.46/avr/bin/../lib/gcc/avr/5.4.0/../../../../avr/lib/avr5/libc.a(__fmt_d.o)
 .comment       0x000000000000005b       0x2d /Applications/microchip/xc8/v2.46/avr/bin/../lib/gcc/avr/5.4.0/../../../../avr/lib/avr5/libc.a(__fmt_o.o)
 .comment       0x000000000000005b       0x2d /Applications/microchip/xc8/v2.46/avr/bin/../lib/gcc/avr/5.4.0/../../../../avr/lib/avr5/libc.a(__fmt_s.o)
 .comment       0x000000000000005b       0x2d /Applications/microchip/xc8/v2.46/avr/bin/../lib/gcc/avr/5.4.0/../../../../avr/lib/avr5/libc.a(__fmt_u.o)
 .comment       0x000000000000005b       0x2d /Applications/microchip/xc8/v2.46/avr/bin/../lib/gcc/avr/5.4.0/../../../../avr/lib/avr5/libc.a(__fmt_x.o)
 .comment       0x000000000000005b       0x2d /Applications/microchip/xc8/v2.46/avr/bin/../lib/gcc/avr/5.4.0/../../../../avr/lib/avr5/libc.a(__pop_int.o)
 .comment       0x000000000000005b       0x2d /Applications/microchip/xc8/v2.46/avr/bin/../lib/gcc/avr/5.4.0/../../../../avr/lib/avr5/libc.a(__printf_core.o)
 .comment       0x000000000000005b       0x2d /Applications/microchip/xc8/v2.46/avr/bin/../lib/gcc/avr/5.4.0/../../../../avr/lib/avr5/libc.a(fputc.o)
 .comment       0x000000000000005b       0x2d /Applications/microchip/xc8/v2.46/avr/bin/../lib/gcc/avr/5.4.0/../../../../avr/lib/avr5/libc.a(stdout.o)
 .comment       0x000000000000005b       0x2d /Applications/microchip/xc8/v2.46/avr/bin/../lib/gcc/avr/5.4.0/../../../../avr/lib/avr5/libc.a(atol.o)
 .comment       0x000000000000005b       0x2d /Applications/microchip/xc8/v2.46/avr/bin/../lib/gcc/avr/5.4.0/../../../../avr/lib/avr5/libc.a(strlen.o)
 .comment       0x000000000000005b       0x2d /Applications/microchip/xc8/v2.46/avr/bin/../lib/gcc/avr/5.4.0/../../../../avr/lib/avr5/libc.a(tolower.o)
 .comment       0x000000000000005b       0x2d /Applications/microchip/xc8/v2.46/avr/bin/../lib/gcc/avr/5.4.0/../../../../avr/lib/avr5/libc.a(toupper.o)
 .comment       0x000000000000005b       0x2d /Applications/microchip/xc8/v2.46/avr/bin/../lib/gcc/avr/5.4.0/../../../../avr/lib/avr5/libc.a(errno.o)
 .comment       0x000000000000005b       0x2d /Applications/microchip/xc8/v2.46/avr/bin/../lib/gcc/avr/5.4.0/../../../../avr/lib/avr5/libc.a(_Exit.o)
 .comment       0x000000000000005b       0x2d /Applications/microchip/xc8/v2.46/avr/bin/../lib/gcc/avr/5.4.0/../../../../avr/lib/avr5/libc.a(__int_vfprintf.o)
 .comment       0x000000000000005b       0x2d /Applications/microchip/xc8/v2.46/avr/bin/../lib/gcc/avr/5.4.0/../../../../avr/lib/avr5/libc.a(__int_vsprintf.o)
 .comment       0x000000000000005b       0x2d /Applications/microchip/xc8/v2.46/avr/bin/../lib/gcc/avr/5.4.0/../../../../avr/lib/avr5/libc.a(__int_vsnprintf.o)

.stack.descriptors.hdr
                0x0000000000000000      0x15e
 .stack.descriptors.hdr
                0x0000000000000000        0xe /Applications/microchip/xc8/v2.46/avr/bin/../lib/gcc/avr/5.4.0/avr5/libgcc.a(_udivmodsi4.o)
 .stack.descriptors.hdr
                0x000000000000000e        0xe /Applications/microchip/xc8/v2.46/avr/bin/../lib/gcc/avr/5.4.0/../../../../avr/lib/avr5/libc.a(exit.o)
 .stack.descriptors.hdr
                0x000000000000001c        0xe /Applications/microchip/xc8/v2.46/avr/bin/../lib/gcc/avr/5.4.0/../../../../avr/lib/avr5/libc.a(__sio_printf_doux.o)
 .stack.descriptors.hdr
                0x000000000000002a        0xe /Applications/microchip/xc8/v2.46/avr/bin/../lib/gcc/avr/5.4.0/../../../../avr/lib/avr5/libc.a(__sio_sprintf_doux.o)
 .stack.descriptors.hdr
                0x0000000000000038        0xe /Applications/microchip/xc8/v2.46/avr/bin/../lib/gcc/avr/5.4.0/../../../../avr/lib/avr5/libc.a(__fmt_d.o)
 .stack.descriptors.hdr
                0x0000000000000046        0xe /Applications/microchip/xc8/v2.46/avr/bin/../lib/gcc/avr/5.4.0/../../../../avr/lib/avr5/libc.a(__fmt_o.o)
 .stack.descriptors.hdr
                0x0000000000000054        0xe /Applications/microchip/xc8/v2.46/avr/bin/../lib/gcc/avr/5.4.0/../../../../avr/lib/avr5/libc.a(__fmt_s.o)
 .stack.descriptors.hdr
                0x0000000000000062        0xe /Applications/microchip/xc8/v2.46/avr/bin/../lib/gcc/avr/5.4.0/../../../../avr/lib/avr5/libc.a(__fmt_u.o)
 .stack.descriptors.hdr
                0x0000000000000070        0xe /Applications/microchip/xc8/v2.46/avr/bin/../lib/gcc/avr/5.4.0/../../../../avr/lib/avr5/libc.a(__fmt_x.o)
 .stack.descriptors.hdr
                0x000000000000007e        0xe /Applications/microchip/xc8/v2.46/avr/bin/../lib/gcc/avr/5.4.0/../../../../avr/lib/avr5/libc.a(__pop_int.o)
 .stack.descriptors.hdr
                0x000000000000008c        0xe /Applications/microchip/xc8/v2.46/avr/bin/../lib/gcc/avr/5.4.0/../../../../avr/lib/avr5/libc.a(__printf_core.o)
 .stack.descriptors.hdr
                0x000000000000009a        0xe /Applications/microchip/xc8/v2.46/avr/bin/../lib/gcc/avr/5.4.0/../../../../avr/lib/avr5/libc.a(fputc.o)
 .stack.descriptors.hdr
                0x00000000000000a8        0xe /Applications/microchip/xc8/v2.46/avr/bin/../lib/gcc/avr/5.4.0/../../../../avr/lib/avr5/libc.a(stdout.o)
 .stack.descriptors.hdr
                0x00000000000000b6        0xe /Applications/microchip/xc8/v2.46/avr/bin/../lib/gcc/avr/5.4.0/../../../../avr/lib/avr5/libc.a(atol.o)
 .stack.descriptors.hdr
                0x00000000000000c4        0xe /Applications/microchip/xc8/v2.46/avr/bin/../lib/gcc/avr/5.4.0/../../../../avr/lib/avr5/libc.a(strlen.o)
 .stack.descriptors.hdr
                0x00000000000000d2        0xe /Applications/microchip/xc8/v2.46/avr/bin/../lib/gcc/avr/5.4.0/../../../../avr/lib/avr5/libc.a(tolower.o)
 .stack.descriptors.hdr
                0x00000000000000e0        0xe /Applications/microchip/xc8/v2.46/avr/bin/../lib/gcc/avr/5.4.0/../../../../avr/lib/avr5/libc.a(toupper.o)
 .stack.descriptors.hdr
                0x00000000000000ee        0xe /Applications/microchip/xc8/v2.46/avr/bin/../lib/gcc/avr/5.4.0/../../../../avr/lib/avr5/libc.a(errno.o)
 .stack.descriptors.hdr
                0x00000000000000fc        0xe /Applications/microchip/xc8/v2.46/avr/bin/../lib/gcc/avr/5.4.0/../../../../avr/lib/avr5/libc.a(_Exit.o)
 .stack.descriptors.hdr
                0x000000000000010a        0xe /Applications/microchip/xc8/v2.46/avr/bin/../lib/gcc/avr/5.4.0/../../../../avr/lib/avr5/libc.a(__int_vfprintf.o)
 .stack.descriptors.hdr
                0x0000000000000118        0xe /Applications/microchip/xc8/v2.46/avr/bin/../lib/gcc/avr/5.4.0/../../../../avr/lib/avr5/libc.a(__int_vsprintf.o)
 .stack.descriptors.hdr
                0x0000000000000126        0xe /Applications/microchip/xc8/v2.46/avr/bin/../lib/gcc/avr/5.4.0/../../../../avr/lib/avr5/libc.a(__int_vsnprintf.o)
 .stack.descriptors.hdr
                0x0000000000000134        0xe /Applications/microchip/xc8/v2.46/avr/bin/../lib/gcc/avr/5.4.0/avr5/libgcc.a(_exit.o)
 .stack.descriptors.hdr
                0x0000000000000142        0xe /Applications/microchip/xc8/v2.46/avr/bin/../lib/gcc/avr/5.4.0/avr5/libgcc.a(_muluhisi3.o)
 .stack.descriptors.hdr
                0x0000000000000150        0xe /Applications/microchip/xc8/v2.46/avr/bin/../lib/gcc/avr/5.4.0/avr5/libgcc.a(_umulhisi3.o)

.note.GNU-stack
                0x0000000000000000        0x0
 .note.GNU-stack
                0x0000000000000000        0x0 /Applications/microchip/xc8/v2.46/avr/bin/../lib/gcc/avr/5.4.0/../../../../avr/lib/avr5/libc.a(exit.o)
 .note.GNU-stack
                0x0000000000000000        0x0 /Applications/microchip/xc8/v2.46/avr/bin/../lib/gcc/avr/5.4.0/../../../../avr/lib/avr5/libc.a(__sio_printf_doux.o)
 .note.GNU-stack
                0x0000000000000000        0x0 /Applications/microchip/xc8/v2.46/avr/bin/../lib/gcc/avr/5.4.0/../../../../avr/lib/avr5/libc.a(__sio_sprintf_doux.o)
 .note.GNU-stack
                0x0000000000000000        0x0 /Applications/microchip/xc8/v2.46/avr/bin/../lib/gcc/avr/5.4.0/../../../../avr/lib/avr5/libc.a(__fmt_d.o)
 .note.GNU-stack
                0x0000000000000000        0x0 /Applications/microchip/xc8/v2.46/avr/bin/../lib/gcc/avr/5.4.0/../../../../avr/lib/avr5/libc.a(__fmt_o.o)
 .note.GNU-stack
                0x0000000000000000        0x0 /Applications/microchip/xc8/v2.46/avr/bin/../lib/gcc/avr/5.4.0/../../../../avr/lib/avr5/libc.a(__fmt_s.o)
 .note.GNU-stack
                0x0000000000000000        0x0 /Applications/microchip/xc8/v2.46/avr/bin/../lib/gcc/avr/5.4.0/../../../../avr/lib/avr5/libc.a(__fmt_u.o)
 .note.GNU-stack
                0x0000000000000000        0x0 /Applications/microchip/xc8/v2.46/avr/bin/../lib/gcc/avr/5.4.0/../../../../avr/lib/avr5/libc.a(__fmt_x.o)
 .note.GNU-stack
                0x0000000000000000        0x0 /Applications/microchip/xc8/v2.46/avr/bin/../lib/gcc/avr/5.4.0/../../../../avr/lib/avr5/libc.a(__pop_int.o)
 .note.GNU-stack
                0x0000000000000000        0x0 /Applications/microchip/xc8/v2.46/avr/bin/../lib/gcc/avr/5.4.0/../../../../avr/lib/avr5/libc.a(__printf_core.o)
 .note.GNU-stack
                0x0000000000000000        0x0 /Applications/microchip/xc8/v2.46/avr/bin/../lib/gcc/avr/5.4.0/../../../../avr/lib/avr5/libc.a(fputc.o)
 .note.GNU-stack
                0x0000000000000000        0x0 /Applications/microchip/xc8/v2.46/avr/bin/../lib/gcc/avr/5.4.0/../../../../avr/lib/avr5/libc.a(stdout.o)
 .note.GNU-stack
                0x0000000000000000        0x0 /Applications/microchip/xc8/v2.46/avr/bin/../lib/gcc/avr/5.4.0/../../../../avr/lib/avr5/libc.a(atol.o)
 .note.GNU-stack
                0x0000000000000000        0x0 /Applications/microchip/xc8/v2.46/avr/bin/../lib/gcc/avr/5.4.0/../../../../avr/lib/avr5/libc.a(strlen.o)
 .note.GNU-stack
                0x0000000000000000        0x0 /Applications/microchip/xc8/v2.46/avr/bin/../lib/gcc/avr/5.4.0/../../../../avr/lib/avr5/libc.a(tolower.o)
 .note.GNU-stack
                0x0000000000000000        0x0 /Applications/microchip/xc8/v2.46/avr/bin/../lib/gcc/avr/5.4.0/../../../../avr/lib/avr5/libc.a(toupper.o)
 .note.GNU-stack
                0x0000000000000000        0x0 /Applications/microchip/xc8/v2.46/avr/bin/../lib/gcc/avr/5.4.0/../../../../avr/lib/avr5/libc.a(errno.o)
 .note.GNU-stack
                0x0000000000000000        0x0 /Applications/microchip/xc8/v2.46/avr/bin/../lib/gcc/avr/5.4.0/../../../../avr/lib/avr5/libc.a(_Exit.o)
 .note.GNU-stack
                0x0000000000000000        0x0 /Applications/microchip/xc8/v2.46/avr/bin/../lib/gcc/avr/5.4.0/../../../../avr/lib/avr5/libc.a(__int_vfprintf.o)
 .note.GNU-stack
                0x0000000000000000        0x0 /Applications/microchip/xc8/v2.46/avr/bin/../lib/gcc/avr/5.4.0/../../../../avr/lib/avr5/libc.a(__int_vsprintf.o)
 .note.GNU-stack
                0x0000000000000000        0x0 /Applications/microchip/xc8/v2.46/avr/bin/../lib/gcc/avr/5.4.0/../../../../avr/lib/avr5/libc.a(__int_vsnprintf.o)

.note.gnu.build-id
 *(.note.gnu.build-id)

.debug
 *(.debug)

.line
 *(.line)

.debug_srcinfo
 *(.debug_srcinfo)

.debug_sfnames
 *(.debug_sfnames)

.debug_aranges  0x0000000000000000      0x2d8
 *(.debug_aranges)
 .debug_aranges
                0x0000000000000000       0x20 build/default/debug/GPIO_Outputs.o
 .debug_aranges
                0x0000000000000020       0x38 build/default/debug/LEDS.o
 .debug_aranges
                0x0000000000000058       0x20 build/default/debug/Long_Serial_In.o
 .debug_aranges
                0x0000000000000078       0x80 build/default/debug/OLED.o
 .debug_aranges
                0x00000000000000f8       0x18 build/default/debug/OLED_Char_Map.o
 .debug_aranges
                0x0000000000000110       0x18 build/default/debug/board.o
 .debug_aranges
                0x0000000000000128       0x20 build/default/debug/main.o
 .debug_aranges
                0x0000000000000148       0x20 build/default/debug/Read_Sector.o
 .debug_aranges
                0x0000000000000168       0x30 build/default/debug/Read_Values.o
 .debug_aranges
                0x0000000000000198       0x40 build/default/debug/SDCard.o
 .debug_aranges
                0x00000000000001d8       0x38 build/default/debug/SPI.o
 .debug_aranges
                0x0000000000000210       0x38 build/default/debug/SPI_CS.o
 .debug_aranges
                0x0000000000000248       0x38 build/default/debug/UART.o
 .debug_aranges
                0x0000000000000280       0x30 build/default/debug/UART_Print.o
 .debug_aranges
                0x00000000000002b0       0x28 build/default/debug/print_memory.o

.debug_pubnames
 *(.debug_pubnames)

.debug_info     0x0000000000000000     0x7962
 *(.debug_info .gnu.linkonce.wi.*)
 .debug_info    0x0000000000000000      0x9bb /Users/owenhancock/.mchp_packs/Microchip/ATmega_DFP/3.2.269/xc8/avr/lib/avr5/crtatmega324pb.o
 .debug_info    0x00000000000009bb      0x3b0 build/default/debug/GPIO_Outputs.o
 .debug_info    0x0000000000000d6b      0x695 build/default/debug/LEDS.o
 .debug_info    0x0000000000001400      0x518 build/default/debug/Long_Serial_In.o
 .debug_info    0x0000000000001918      0xe9c build/default/debug/OLED.o
 .debug_info    0x00000000000027b4      0x291 build/default/debug/OLED_Char_Map.o
 .debug_info    0x0000000000002a45      0x487 build/default/debug/board.o
 .debug_info    0x0000000000002ecc      0xd09 build/default/debug/main.o
 .debug_info    0x0000000000003bd5      0x531 build/default/debug/Read_Sector.o
 .debug_info    0x0000000000004106      0x377 build/default/debug/Read_Values.o
 .debug_info    0x000000000000447d     0x18b3 build/default/debug/SDCard.o
 .debug_info    0x0000000000005d30      0x608 build/default/debug/SPI.o
 .debug_info    0x0000000000006338      0x6b3 build/default/debug/SPI_CS.o
 .debug_info    0x00000000000069eb      0x49b build/default/debug/UART.o
 .debug_info    0x0000000000006e86      0x50b build/default/debug/UART_Print.o
 .debug_info    0x0000000000007391      0x5d1 build/default/debug/print_memory.o

.debug_abbrev   0x0000000000000000     0x1b15
 *(.debug_abbrev)
 .debug_abbrev  0x0000000000000000      0x934 /Users/owenhancock/.mchp_packs/Microchip/ATmega_DFP/3.2.269/xc8/avr/lib/avr5/crtatmega324pb.o
 .debug_abbrev  0x0000000000000934       0xc0 build/default/debug/GPIO_Outputs.o
 .debug_abbrev  0x00000000000009f4      0x19f build/default/debug/LEDS.o
 .debug_abbrev  0x0000000000000b93      0x10c build/default/debug/Long_Serial_In.o
 .debug_abbrev  0x0000000000000c9f      0x200 build/default/debug/OLED.o
 .debug_abbrev  0x0000000000000e9f       0x52 build/default/debug/OLED_Char_Map.o
 .debug_abbrev  0x0000000000000ef1       0x8c build/default/debug/board.o
 .debug_abbrev  0x0000000000000f7d      0x1ca build/default/debug/main.o
 .debug_abbrev  0x0000000000001147      0x11a build/default/debug/Read_Sector.o
 .debug_abbrev  0x0000000000001261       0xb6 build/default/debug/Read_Values.o
 .debug_abbrev  0x0000000000001317      0x1ac build/default/debug/SDCard.o
 .debug_abbrev  0x00000000000014c3      0x131 build/default/debug/SPI.o
 .debug_abbrev  0x00000000000015f4      0x19f build/default/debug/SPI_CS.o
 .debug_abbrev  0x0000000000001793       0xf9 build/default/debug/UART.o
 .debug_abbrev  0x000000000000188c      0x15a build/default/debug/UART_Print.o
 .debug_abbrev  0x00000000000019e6      0x12f build/default/debug/print_memory.o

.debug_line     0x0000000000000000     0x1f9b
 *(.debug_line .debug_line.* .debug_line_end)
 .debug_line    0x0000000000000000      0x1ca /Users/owenhancock/.mchp_packs/Microchip/ATmega_DFP/3.2.269/xc8/avr/lib/avr5/crtatmega324pb.o
 .debug_line    0x00000000000001ca       0xc8 build/default/debug/GPIO_Outputs.o
 .debug_line    0x0000000000000292      0x11e build/default/debug/LEDS.o
 .debug_line    0x00000000000003b0      0x196 build/default/debug/Long_Serial_In.o
 .debug_line    0x0000000000000546      0x3bf build/default/debug/OLED.o
 .debug_line    0x0000000000000905       0x72 build/default/debug/OLED_Char_Map.o
 .debug_line    0x0000000000000977       0xa3 build/default/debug/board.o
 .debug_line    0x0000000000000a1a      0x30f build/default/debug/main.o
 .debug_line    0x0000000000000d29      0x108 build/default/debug/Read_Sector.o
 .debug_line    0x0000000000000e31       0xd4 build/default/debug/Read_Values.o
 .debug_line    0x0000000000000f05      0x7fb build/default/debug/SDCard.o
 .debug_line    0x0000000000001700      0x2c6 build/default/debug/SPI.o
 .debug_line    0x00000000000019c6      0x11c build/default/debug/SPI_CS.o
 .debug_line    0x0000000000001ae2      0x1a9 build/default/debug/UART.o
 .debug_line    0x0000000000001c8b      0x157 build/default/debug/UART_Print.o
 .debug_line    0x0000000000001de2      0x1b9 build/default/debug/print_memory.o

.debug_frame    0x0000000000000000      0x6f0
 *(.debug_frame)
 .debug_frame   0x0000000000000000       0x24 build/default/debug/GPIO_Outputs.o
 .debug_frame   0x0000000000000024       0x64 build/default/debug/LEDS.o
 .debug_frame   0x0000000000000088       0x5c build/default/debug/Long_Serial_In.o
 .debug_frame   0x00000000000000e4      0x188 build/default/debug/OLED.o
 .debug_frame   0x000000000000026c       0x34 build/default/debug/main.o
 .debug_frame   0x00000000000002a0       0x54 build/default/debug/Read_Sector.o
 .debug_frame   0x00000000000002f4       0x44 build/default/debug/Read_Values.o
 .debug_frame   0x0000000000000338      0x140 build/default/debug/SDCard.o
 .debug_frame   0x0000000000000478       0x84 build/default/debug/SPI.o
 .debug_frame   0x00000000000004fc       0x64 build/default/debug/SPI_CS.o
 .debug_frame   0x0000000000000560       0x60 build/default/debug/UART.o
 .debug_frame   0x00000000000005c0       0x6c build/default/debug/UART_Print.o
 .debug_frame   0x000000000000062c       0xc4 build/default/debug/print_memory.o

.debug_str      0x0000000000000000      0x70d
 *(.debug_str)
 .debug_str     0x0000000000000000      0x35a /Users/owenhancock/.mchp_packs/Microchip/ATmega_DFP/3.2.269/xc8/avr/lib/avr5/crtatmega324pb.o
 .debug_str     0x000000000000035a        0x0 build/default/debug/GPIO_Outputs.o
 .debug_str     0x000000000000035a       0x18 build/default/debug/LEDS.o
 .debug_str     0x0000000000000372       0x1b build/default/debug/Long_Serial_In.o
 .debug_str     0x000000000000038d       0x69 build/default/debug/OLED.o
 .debug_str     0x00000000000003f6        0x0 build/default/debug/OLED_Char_Map.o
 .debug_str     0x00000000000003f6        0x0 build/default/debug/board.o
 .debug_str     0x00000000000003f6      0x122 build/default/debug/main.o
 .debug_str     0x0000000000000518       0x3d build/default/debug/Read_Sector.o
 .debug_str     0x0000000000000555        0x7 build/default/debug/Read_Values.o
 .debug_str     0x000000000000055c       0xc5 build/default/debug/SDCard.o
 .debug_str     0x0000000000000621       0x39 build/default/debug/SPI.o
 .debug_str     0x000000000000065a       0x18 build/default/debug/SPI_CS.o
 .debug_str     0x0000000000000672       0x11 build/default/debug/UART.o
 .debug_str     0x0000000000000683       0x2a build/default/debug/UART_Print.o
 .debug_str     0x00000000000006ad       0x60 build/default/debug/print_memory.o

.debug_loc      0x0000000000000000     0x2325
 *(.debug_loc)
 .debug_loc     0x0000000000000000       0x77 build/default/debug/GPIO_Outputs.o
 .debug_loc     0x0000000000000077      0x2b8 build/default/debug/LEDS.o
 .debug_loc     0x000000000000032f       0xf4 build/default/debug/Long_Serial_In.o
 .debug_loc     0x0000000000000423      0x5cc build/default/debug/OLED.o
 .debug_loc     0x00000000000009ef      0x123 build/default/debug/main.o
 .debug_loc     0x0000000000000b12      0x11f build/default/debug/Read_Sector.o
 .debug_loc     0x0000000000000c31      0x15e build/default/debug/Read_Values.o
 .debug_loc     0x0000000000000d8f      0x8e3 build/default/debug/SDCard.o
 .debug_loc     0x0000000000001672      0x379 build/default/debug/SPI.o
 .debug_loc     0x00000000000019eb      0x2b8 build/default/debug/SPI_CS.o
 .debug_loc     0x0000000000001ca3      0x1cb build/default/debug/UART.o
 .debug_loc     0x0000000000001e6e      0x28b build/default/debug/UART_Print.o
 .debug_loc     0x00000000000020f9      0x22c build/default/debug/print_memory.o

.debug_macinfo
 *(.debug_macinfo)

.debug_weaknames
 *(.debug_weaknames)

.debug_funcnames
 *(.debug_funcnames)

.debug_typenames
 *(.debug_typenames)

.debug_varnames
 *(.debug_varnames)

.debug_pubtypes
 *(.debug_pubtypes)

.debug_ranges   0x0000000000000000      0x1d8
 *(.debug_ranges)
 .debug_ranges  0x0000000000000000       0x10 build/default/debug/GPIO_Outputs.o
 .debug_ranges  0x0000000000000010       0x28 build/default/debug/LEDS.o
 .debug_ranges  0x0000000000000038       0x10 build/default/debug/Long_Serial_In.o
 .debug_ranges  0x0000000000000048       0x70 build/default/debug/OLED.o
 .debug_ranges  0x00000000000000b8       0x10 build/default/debug/main.o
 .debug_ranges  0x00000000000000c8       0x10 build/default/debug/Read_Sector.o
 .debug_ranges  0x00000000000000d8       0x20 build/default/debug/Read_Values.o
 .debug_ranges  0x00000000000000f8       0x30 build/default/debug/SDCard.o
 .debug_ranges  0x0000000000000128       0x28 build/default/debug/SPI.o
 .debug_ranges  0x0000000000000150       0x28 build/default/debug/SPI_CS.o
 .debug_ranges  0x0000000000000178       0x28 build/default/debug/UART.o
 .debug_ranges  0x00000000000001a0       0x20 build/default/debug/UART_Print.o
 .debug_ranges  0x00000000000001c0       0x18 build/default/debug/print_memory.o

.debug_macro
 *(.debug_macro)
OUTPUT(dist/default/debug/File_System_Example.X.debug.elf elf32-avr)
LOAD linker stubs
LOAD data_init

.note.gnu.avr.deviceinfo
                0x0000000000000000       0x40
 .note.gnu.avr.deviceinfo
                0x0000000000000000       0x40 /Users/owenhancock/.mchp_packs/Microchip/ATmega_DFP/3.2.269/xc8/avr/lib/avr5/crtatmega324pb.o

.bss.oled_cmd   0x000000000080041d        0x3
 .bss.oled_cmd  0x000000000080041d        0x3 build/default/debug/board.o
                0x000000000080041d                oled_cmd

.bss.oled_reset
                0x0000000000800420        0x3
 .bss.oled_reset
                0x0000000000800420        0x3 build/default/debug/board.o
                0x0000000000800420                oled_reset

.bss.oled_cs    0x0000000000800405        0x4
 .bss.oled_cs   0x0000000000800405        0x4 build/default/debug/board.o
                0x0000000000800405                oled_cs

.bss.sd_cs      0x0000000000800409        0x4
 .bss.sd_cs     0x0000000000800409        0x4 build/default/debug/board.o
                0x0000000000800409                sd_cs

.bss.led3       0x000000000080040d        0x4
 .bss.led3      0x000000000080040d        0x4 build/default/debug/board.o
                0x000000000080040d                led3

.bss.led2       0x0000000000800411        0x4
 .bss.led2      0x0000000000800411        0x4 build/default/debug/board.o
                0x0000000000800411                led2

.bss.led1       0x0000000000800415        0x4
 .bss.led1      0x0000000000800415        0x4 build/default/debug/board.o
                0x0000000000800415                led1

.bss.led0       0x0000000000800419        0x4
 .bss.led0      0x0000000000800419        0x4 build/default/debug/board.o
                0x0000000000800419                led0

.bss.buffer1_g  0x0000000000800102      0x200
 .bss.buffer1_g
                0x0000000000800102      0x200 build/default/debug/main.o
                0x0000000000800102                buffer1_g

.bss.SD_Card_Type
                0x0000000000800427        0x1
 .bss.SD_Card_Type
                0x0000000000800427        0x1 build/default/debug/SDCard.o

.bss.print_buffer
                0x000000000080035d       0x50
 .bss.print_buffer
                0x000000000080035d       0x50 build/default/debug/UART_Print.o

.bss.__stdout   0x0000000000800425        0x2
 .bss.__stdout  0x0000000000800425        0x2 /Applications/microchip/xc8/v2.46/avr/bin/../lib/gcc/avr/5.4.0/../../../../avr/lib/avr5/libc.a(stdout.o)

progmem.data.OLED_ASCII
                0x000000000000014a      0x27b
 progmem.data.OLED_ASCII
                0x000000000000014a      0x27b build/default/debug/OLED_Char_Map.o
                0x000000000000014a                OLED_ASCII

progmem.data.Prnt_bytes_prnt
                0x00000000000003c5       0x40
 progmem.data.Prnt_bytes_prnt
                0x00000000000003c5       0x40 build/default/debug/print_memory.o
                0x00000000000003c5                Prnt_bytes_prnt

progmem.data.SD_Card_SC
                0x0000000000000405       0x23
 progmem.data.SD_Card_SC
                0x0000000000000405       0x23 build/default/debug/SDCard.o
                0x0000000000000405                SD_Card_SC

progmem.data.SD_Card_HC
                0x0000000000000428       0x1f
 progmem.data.SD_Card_HC
                0x0000000000000428       0x1f build/default/debug/SDCard.o
                0x0000000000000428                SD_Card_HC

progmem.data.SD_Card_BlSz
                0x0000000000000447       0x1e
 progmem.data.SD_Card_BlSz
                0x0000000000000447       0x1e build/default/debug/SDCard.o
                0x0000000000000447                SD_Card_BlSz

progmem.data.SD_Card_V2
                0x0000000000000465       0x1e
 progmem.data.SD_Card_V2
                0x0000000000000465       0x1e build/default/debug/SDCard.o
                0x0000000000000465                SD_Card_V2

progmem.data.SD_Card_V1
                0x0000000000000483       0x1e
 progmem.data.SD_Card_V1
                0x0000000000000483       0x1e build/default/debug/SDCard.o
                0x0000000000000483                SD_Card_V1

progmem.data.SD_Card_Intro
                0x00000000000004a1       0x1e
 progmem.data.SD_Card_Intro
                0x00000000000004a1       0x1e build/default/debug/SDCard.o
                0x00000000000004a1                SD_Card_Intro

progmem.data.SD_Header
                0x00000000000004bf       0x1c
 progmem.data.SD_Header
                0x00000000000004bf       0x1c build/default/debug/main.o
                0x00000000000004bf                SD_Header

progmem.data.OLED_Init_Commands
                0x00000000000004db       0x18
 progmem.data.OLED_Init_Commands
                0x00000000000004db       0x18 build/default/debug/OLED.o
                0x00000000000004db                OLED_Init_Commands

progmem.data.Stnd_Cap
                0x00000000000004f3       0x13
 progmem.data.Stnd_Cap
                0x00000000000004f3       0x13 build/default/debug/main.o
                0x00000000000004f3                Stnd_Cap

progmem.data.SD_Card_ACMD41
                0x0000000000000506       0x11
 progmem.data.SD_Card_ACMD41
                0x0000000000000506       0x11 build/default/debug/SDCard.o
                0x0000000000000506                SD_Card_ACMD41

progmem.data.LSI_Prompt
                0x0000000000000517       0x10
 progmem.data.LSI_Prompt
                0x0000000000000517       0x10 build/default/debug/main.o
                0x0000000000000517                LSI_Prompt

progmem.data.SD_Card_CMD58
                0x0000000000000527       0x10
 progmem.data.SD_Card_CMD58
                0x0000000000000527       0x10 build/default/debug/SDCard.o
                0x0000000000000527                SD_Card_CMD58

progmem.data.SD_Card_CMD16
                0x0000000000000537       0x10
 progmem.data.SD_Card_CMD16
                0x0000000000000537       0x10 build/default/debug/SDCard.o
                0x0000000000000537                SD_Card_CMD16

progmem.data.High_Cap
                0x0000000000000547        0xf
 progmem.data.High_Cap
                0x0000000000000547        0xf build/default/debug/main.o
                0x0000000000000547                High_Cap

progmem.data.SD_Card_CMD8
                0x0000000000000556        0xf
 progmem.data.SD_Card_CMD8
                0x0000000000000556        0xf build/default/debug/SDCard.o
                0x0000000000000556                SD_Card_CMD8

progmem.data.SD_Card_CMD0
                0x0000000000000565        0xf
 progmem.data.SD_Card_CMD0
                0x0000000000000565        0xf build/default/debug/SDCard.o
                0x0000000000000565                SD_Card_CMD0

progmem.data.SD_Card_Resp
                0x0000000000000574        0xc
 progmem.data.SD_Card_Resp
                0x0000000000000574        0xc build/default/debug/SDCard.o
                0x0000000000000574                SD_Card_Resp

progmem.data.Complete
                0x0000000000000580        0x9
 progmem.data.Complete
                0x0000000000000580        0x9 build/default/debug/main.o
                0x0000000000000580                Complete

.text.SD_Card_Init
                0x000000000000058a      0x864
 .text.SD_Card_Init
                0x000000000000058a      0x864 build/default/debug/SDCard.o
                0x000000000000058a                SD_Card_Init

.text.vfpfcnvrt
                0x0000000000000dee      0x3fc
 .text.vfpfcnvrt
                0x0000000000000dee      0x3fc /Applications/microchip/xc8/v2.46/avr/bin/../lib/gcc/avr/5.4.0/../../../../avr/lib/avr5/libc.a(__printf_core.o)
                0x0000000000000dee                vfpfcnvrt

.text.main      0x00000000000011ea      0x2aa
 .text.main     0x00000000000011ea      0x2aa build/default/debug/main.o
                0x00000000000011ea                main

.text.__fmt_x   0x0000000000001494      0x1dc
 .text.__fmt_x  0x0000000000001494      0x1dc /Applications/microchip/xc8/v2.46/avr/bin/../lib/gcc/avr/5.4.0/../../../../avr/lib/avr5/libc.a(__fmt_x.o)
                0x0000000000001494                __fmt_x
                0x0000000000001494                __fmt_x_needed

.text.Read_Block
                0x0000000000001670      0x138
 .text.Read_Block
                0x0000000000001670      0x138 build/default/debug/SDCard.o
                0x0000000000001670                Read_Block

.text.SPI_master_init
                0x00000000000017a8      0x136
 .text.SPI_master_init
                0x00000000000017a8      0x136 build/default/debug/SPI.o
                0x00000000000017a8                SPI_master_init

.text.long_serial_input
                0x00000000000018de      0x11a
 .text.long_serial_input
                0x00000000000018de      0x11a build/default/debug/Long_Serial_In.o
                0x00000000000018de                long_serial_input

.text.print_16bytes
                0x00000000000019f8      0x108
 .text.print_16bytes
                0x00000000000019f8      0x108 build/default/debug/print_memory.o
                0x00000000000019f8                print_16bytes

.text.__fmt_d   0x0000000000001b00       0xe4
 .text.__fmt_d  0x0000000000001b00       0xe4 /Applications/microchip/xc8/v2.46/avr/bin/../lib/gcc/avr/5.4.0/../../../../avr/lib/avr5/libc.a(__fmt_d.o)
                0x0000000000001b00                __fmt_d_needed
                0x0000000000001b00                __fmt_d

.text.__pop_int
                0x0000000000001be4       0xd0
 .text.__pop_int
                0x0000000000001be4       0xd0 /Applications/microchip/xc8/v2.46/avr/bin/../lib/gcc/avr/5.4.0/../../../../avr/lib/avr5/libc.a(__pop_int.o)
                0x0000000000001be4                __pop_int
                0x0000000000001be4                __pop_int_needed

.text.__cvt_u   0x0000000000001cb4       0xca
 .text.__cvt_u  0x0000000000001cb4       0xca /Applications/microchip/xc8/v2.46/avr/bin/../lib/gcc/avr/5.4.0/../../../../avr/lib/avr5/libc.a(__fmt_u.o)
                0x0000000000001cb4                __cvt_u

.text.Receive_Response
                0x0000000000001d7e       0xc2
 .text.Receive_Response
                0x0000000000001d7e       0xc2 build/default/debug/SDCard.o
                0x0000000000001d7e                Receive_Response

.text.__fmt_o   0x0000000000001e40       0xb2
 .text.__fmt_o  0x0000000000001e40       0xb2 /Applications/microchip/xc8/v2.46/avr/bin/../lib/gcc/avr/5.4.0/../../../../avr/lib/avr5/libc.a(__fmt_o.o)
                0x0000000000001e40                __fmt_o_needed
                0x0000000000001e40                __fmt_o

.text.Send_Command
                0x0000000000001ef2       0xa4
 .text.Send_Command
                0x0000000000001ef2       0xa4 build/default/debug/SDCard.o
                0x0000000000001ef2                Send_Command

.text.atol      0x0000000000001f96       0xa0
 .text.atol     0x0000000000001f96       0xa0 /Applications/microchip/xc8/v2.46/avr/bin/../lib/gcc/avr/5.4.0/../../../../avr/lib/avr5/libc.a(atol.o)
                0x0000000000001f96                atol

.text.fputc     0x0000000000002036       0x98
 .text.fputc    0x0000000000002036       0x98 /Applications/microchip/xc8/v2.46/avr/bin/../lib/gcc/avr/5.4.0/../../../../avr/lib/avr5/libc.a(fputc.o)
                0x0000000000002036                putc
                0x0000000000002036                fputc

.text.OLED_init
                0x00000000000020ce       0x8e
 .text.OLED_init
                0x00000000000020ce       0x8e build/default/debug/OLED.o
                0x00000000000020ce                OLED_init

.text.__fmt_u   0x000000000000215c       0x8e
 .text.__fmt_u  0x000000000000215c       0x8e /Applications/microchip/xc8/v2.46/avr/bin/../lib/gcc/avr/5.4.0/../../../../avr/lib/avr5/libc.a(__fmt_u.o)
                0x000000000000215c                __fmt_u
                0x000000000000215c                __fmt_u_needed

.text.read_sector
                0x00000000000021ea       0x84
 .text.read_sector
                0x00000000000021ea       0x84 build/default/debug/Read_Sector.o
                0x00000000000021ea                read_sector

.text.OLED_transmit_string
                0x000000000000226e       0x82
 .text.OLED_transmit_string
                0x000000000000226e       0x82 build/default/debug/OLED.o
                0x000000000000226e                OLED_transmit_string

.text.__printf_core
                0x00000000000022f0       0x78
 .text.__printf_core
                0x00000000000022f0       0x78 /Applications/microchip/xc8/v2.46/avr/bin/../lib/gcc/avr/5.4.0/../../../../avr/lib/avr5/libc.a(__printf_core.o)
                0x00000000000022f0                __printf_core

.text.__vsnprintf
                0x0000000000002368       0x74
 .text.__vsnprintf
                0x0000000000002368       0x74 /Applications/microchip/xc8/v2.46/avr/bin/../lib/gcc/avr/5.4.0/../../../../avr/lib/avr5/libc.a(__int_vsnprintf.o)
                0x0000000000002368                __vsnprintf

.text.__pad     0x00000000000023dc       0x72
 .text.__pad    0x00000000000023dc       0x72 /Applications/microchip/xc8/v2.46/avr/bin/../lib/gcc/avr/5.4.0/../../../../avr/lib/avr5/libc.a(__printf_core.o)
                0x00000000000023dc                __pad

.text.OLED_send_char
                0x000000000000244e       0x70
 .text.OLED_send_char
                0x000000000000244e       0x70 build/default/debug/OLED.o
                0x000000000000244e                OLED_send_char

.text.UART_init
                0x00000000000024be       0x70
 .text.UART_init
                0x00000000000024be       0x70 build/default/debug/UART.o
                0x00000000000024be                UART_init

.text.UART_transmit_string
                0x000000000000252e       0x6a
 .text.UART_transmit_string
                0x000000000000252e       0x6a build/default/debug/UART_Print.o
                0x000000000000252e                UART_transmit_string

.text.read_prec_or_width
                0x0000000000002598       0x5c
 .text.read_prec_or_width
                0x0000000000002598       0x5c /Applications/microchip/xc8/v2.46/avr/bin/../lib/gcc/avr/5.4.0/../../../../avr/lib/avr5/libc.a(__printf_core.o)

.text.OLED_set_line
                0x00000000000025f4       0x54
 .text.OLED_set_line
                0x00000000000025f4       0x54 build/default/debug/OLED.o
                0x00000000000025f4                OLED_set_line

.text.__fmt_s   0x0000000000002648       0x54
 .text.__fmt_s  0x0000000000002648       0x54 /Applications/microchip/xc8/v2.46/avr/bin/../lib/gcc/avr/5.4.0/../../../../avr/lib/avr5/libc.a(__fmt_s.o)
                0x0000000000002648                __fmt_s_needed
                0x0000000000002648                __fmt_s
                0x0000000000002648                __fmt_0_needed

.text.print_memory
                0x000000000000269c       0x50
 .text.print_memory
                0x000000000000269c       0x50 build/default/debug/print_memory.o
                0x000000000000269c                print_memory

.text.libgcc.div
                0x00000000000026ec       0x44
 .text.libgcc.div
                0x00000000000026ec       0x44 /Applications/microchip/xc8/v2.46/avr/bin/../lib/gcc/avr/5.4.0/avr5/libgcc.a(_udivmodsi4.o)
                0x00000000000026ec                __udivmodsi4

.text.copy_string_to_buffer
                0x0000000000002730       0x40
 .text.copy_string_to_buffer
                0x0000000000002730       0x40 build/default/debug/UART_Print.o
                0x0000000000002730                copy_string_to_buffer

.text.__fmt_state
                0x0000000000002770       0x40
 .text.__fmt_state
                0x0000000000002770       0x40 /Applications/microchip/xc8/v2.46/avr/bin/../lib/gcc/avr/5.4.0/../../../../avr/lib/avr5/libc.a(__printf_core.o)
                0x0000000000002770                __fmt_state

.text.GPIO_output_ctor
                0x00000000000027b0       0x3c
 .text.GPIO_output_ctor
                0x00000000000027b0       0x3c build/default/debug/GPIO_Outputs.o
                0x00000000000027b0                GPIO_output_ctor

.text.SPI_receive
                0x00000000000027ec       0x3a
 .text.SPI_receive
                0x00000000000027ec       0x3a build/default/debug/SPI.o
                0x00000000000027ec                SPI_receive

.text.__out     0x0000000000002826       0x3a
 .text.__out    0x0000000000002826       0x3a /Applications/microchip/xc8/v2.46/avr/bin/../lib/gcc/avr/5.4.0/../../../../avr/lib/avr5/libc.a(__printf_core.o)
                0x0000000000002826                __out

.text.libgcc.prologue
                0x0000000000002860       0x38
 .text.libgcc.prologue
                0x0000000000002860       0x38 /Applications/microchip/xc8/v2.46/avr/bin/../lib/gcc/avr/5.4.0/avr5/libgcc.a(_prologue.o)
                0x0000000000002860                __prologue_saves__

.text.OLED_clear_line
                0x0000000000002898       0x36
 .text.OLED_clear_line
                0x0000000000002898       0x36 build/default/debug/OLED.o
                0x0000000000002898                OLED_clear_line

.text.libgcc.prologue
                0x00000000000028ce       0x36
 .text.libgcc.prologue
                0x00000000000028ce       0x36 /Applications/microchip/xc8/v2.46/avr/bin/../lib/gcc/avr/5.4.0/avr5/libgcc.a(_epilogue.o)
                0x00000000000028ce                __epilogue_restores__

.text.LED_set_value
                0x0000000000002904       0x32
 .text.LED_set_value
                0x0000000000002904       0x32 build/default/debug/LEDS.o
                0x0000000000002904                LED_set_value

.text.OLED_reset_control
                0x0000000000002936       0x32
 .text.OLED_reset_control
                0x0000000000002936       0x32 build/default/debug/OLED.o
                0x0000000000002936                OLED_reset_control

.text.OLED_CMD_control
                0x0000000000002968       0x32
 .text.OLED_CMD_control
                0x0000000000002968       0x32 build/default/debug/OLED.o
                0x0000000000002968                OLED_CMD_control

.text.SPI_CS_set_value
                0x000000000000299a       0x32
 .text.SPI_CS_set_value
                0x000000000000299a       0x32 build/default/debug/SPI_CS.o
                0x000000000000299a                SPI_CS_set_value

.text.SPI_transmit
                0x00000000000029cc       0x30
 .text.SPI_transmit
                0x00000000000029cc       0x30 build/default/debug/SPI.o
                0x00000000000029cc                SPI_transmit

.text.__wrap_printf
                0x00000000000029fc       0x30
 .text.__wrap_printf
                0x00000000000029fc       0x30 /Applications/microchip/xc8/v2.46/avr/bin/../lib/gcc/avr/5.4.0/../../../../avr/lib/avr5/libc.a(__sio_printf_doux.o)
                0x00000000000029fc                _printf_cdopuxX

.text.__vfprintf
                0x0000000000002a2c       0x30
 .text.__vfprintf
                0x0000000000002a2c       0x30 /Applications/microchip/xc8/v2.46/avr/bin/../lib/gcc/avr/5.4.0/../../../../avr/lib/avr5/libc.a(__int_vfprintf.o)
                0x0000000000002a2c                __vfprintf

.text.OLED_clear_display
                0x0000000000002a5c       0x2a
 .text.OLED_clear_display
                0x0000000000002a5c       0x2a build/default/debug/OLED.o
                0x0000000000002a5c                OLED_clear_display

.text.read_value_32
                0x0000000000002a86       0x28
 .text.read_value_32
                0x0000000000002a86       0x28 build/default/debug/Read_Values.o
                0x0000000000002a86                read_value_32

.text.UART_transmit
                0x0000000000002aae       0x28
 .text.UART_transmit
                0x0000000000002aae       0x28 build/default/debug/UART.o
                0x0000000000002aae                UART_transmit

.text.__wrap_sprintf
                0x0000000000002ad6       0x24
 .text.__wrap_sprintf
                0x0000000000002ad6       0x24 /Applications/microchip/xc8/v2.46/avr/bin/../lib/gcc/avr/5.4.0/../../../../avr/lib/avr5/libc.a(__sio_sprintf_doux.o)
                0x0000000000002ad6                _sprintf_cdopuxX

.text.libgcc.mul
                0x0000000000002afa       0x1e
 .text.libgcc.mul
                0x0000000000002afa       0x1e /Applications/microchip/xc8/v2.46/avr/bin/../lib/gcc/avr/5.4.0/avr5/libgcc.a(_umulhisi3.o)
                0x0000000000002afa                __umulhisi3

.text.strlen    0x0000000000002b18       0x1c
 .text.strlen   0x0000000000002b18       0x1c /Applications/microchip/xc8/v2.46/avr/bin/../lib/gcc/avr/5.4.0/../../../../avr/lib/avr5/libc.a(strlen.o)
                0x0000000000002b18                strlen

.text.LED_ctor  0x0000000000002b34       0x18
 .text.LED_ctor
                0x0000000000002b34       0x18 build/default/debug/LEDS.o
                0x0000000000002b34                LED_ctor

.text.OLED_SS_init
                0x0000000000002b4c       0x18
 .text.OLED_SS_init
                0x0000000000002b4c       0x18 build/default/debug/OLED.o
                0x0000000000002b4c                OLED_SS_init

.text.SPI_CS_ctor
                0x0000000000002b64       0x18
 .text.SPI_CS_ctor
                0x0000000000002b64       0x18 build/default/debug/SPI_CS.o
                0x0000000000002b64                SPI_CS_ctor

.text.exit      0x0000000000002b7c       0x16
 .text.exit     0x0000000000002b7c       0x16 /Applications/microchip/xc8/v2.46/avr/bin/../lib/gcc/avr/5.4.0/../../../../avr/lib/avr5/libc.a(exit.o)
                0x0000000000002b7c                exit

.text.libgcc.mul
                0x0000000000002b92       0x16
 .text.libgcc.mul
                0x0000000000002b92       0x16 /Applications/microchip/xc8/v2.46/avr/bin/../lib/gcc/avr/5.4.0/avr5/libgcc.a(_muluhisi3.o)
                0x0000000000002b92                __muluhisi3

.text.OLED_reset_init
                0x0000000000002ba8       0x12
 .text.OLED_reset_init
                0x0000000000002ba8       0x12 build/default/debug/OLED.o
                0x0000000000002ba8                OLED_reset_init

.text.OLED_CMD_init
                0x0000000000002bba       0x12
 .text.OLED_CMD_init
                0x0000000000002bba       0x12 build/default/debug/OLED.o
                0x0000000000002bba                OLED_CMD_init

.text.toupper   0x0000000000002bcc       0x12
 .text.toupper  0x0000000000002bcc       0x12 /Applications/microchip/xc8/v2.46/avr/bin/../lib/gcc/avr/5.4.0/../../../../avr/lib/avr5/libc.a(toupper.o)
                0x0000000000002bcc                toupper

.text.read_value_16
                0x0000000000002bde       0x10
 .text.read_value_16
                0x0000000000002bde       0x10 build/default/debug/Read_Values.o
                0x0000000000002bde                read_value_16

.text.tolower   0x0000000000002bee       0x10
 .text.tolower  0x0000000000002bee       0x10 /Applications/microchip/xc8/v2.46/avr/bin/../lib/gcc/avr/5.4.0/../../../../avr/lib/avr5/libc.a(tolower.o)
                0x0000000000002bee                tolower

.text.__vsprintf
                0x0000000000002bfe        0xe
 .text.__vsprintf
                0x0000000000002bfe        0xe /Applications/microchip/xc8/v2.46/avr/bin/../lib/gcc/avr/5.4.0/../../../../avr/lib/avr5/libc.a(__int_vsprintf.o)
                0x0000000000002bfe                __vsprintf

.text.OLED_SS_control
                0x0000000000002c0c        0xc
 .text.OLED_SS_control
                0x0000000000002c0c        0xc build/default/debug/OLED.o
                0x0000000000002c0c                OLED_SS_control

.text.UART_receive
                0x0000000000002c18        0xc
 .text.UART_receive
                0x0000000000002c18        0xc build/default/debug/UART.o
                0x0000000000002c18                UART_receive

.text.read_value_8
                0x0000000000002c24        0xa
 .text.read_value_8
                0x0000000000002c24        0xa build/default/debug/Read_Values.o
                0x0000000000002c24                read_value_8

.text.Return_SD_Card_Type
                0x0000000000002c2e        0x6
 .text.Return_SD_Card_Type
                0x0000000000002c2e        0x6 build/default/debug/SDCard.o
                0x0000000000002c2e                Return_SD_Card_Type

.text.export_print_buffer
                0x0000000000002c34        0x6
 .text.export_print_buffer
                0x0000000000002c34        0x6 build/default/debug/UART_Print.o
                0x0000000000002c34                export_print_buffer

.text           0x0000000000002c3a        0x4
 .text          0x0000000000002c3a        0x4 /Users/owenhancock/.mchp_packs/Microchip/ATmega_DFP/3.2.269/xc8/avr/lib/avr5/crtatmega324pb.o
                0x0000000000002c3a                __vector_42
                0x0000000000002c3a                __vector_22
                0x0000000000002c3a                __vector_28
                0x0000000000002c3a                __vector_1
                0x0000000000002c3a                __vector_32
                0x0000000000002c3a                __vector_34
                0x0000000000002c3a                __vector_24
                0x0000000000002c3a                __vector_12
                0x0000000000002c3a                __vector_46
                0x0000000000002c3a                __bad_interrupt
                0x0000000000002c3a                __vector_6
                0x0000000000002c3a                __vector_31
                0x0000000000002c3a                __vector_35
                0x0000000000002c3a                __vector_39
                0x0000000000002c3a                __vector_3
                0x0000000000002c3a                __vector_23
                0x0000000000002c3a                __vector_30
                0x0000000000002c3a                __vector_45
                0x0000000000002c3a                __vector_25
                0x0000000000002c3a                __vector_11
                0x0000000000002c3a                __vector_13
                0x0000000000002c3a                __vector_17
                0x0000000000002c3a                __vector_19
                0x0000000000002c3a                __vector_7
                0x0000000000002c3a                __vector_49
                0x0000000000002c3a                __vector_41
                0x0000000000002c3a                __vector_43
                0x0000000000002c3a                __vector_27
                0x0000000000002c3a                __vector_5
                0x0000000000002c3a                __vector_33
                0x0000000000002c3a                __vector_47
                0x0000000000002c3a                __vector_37
                0x0000000000002c3a                __vector_4
                0x0000000000002c3a                __vector_44
                0x0000000000002c3a                __vector_9
                0x0000000000002c3a                __vector_2
                0x0000000000002c3a                __vector_21
                0x0000000000002c3a                __vector_15
                0x0000000000002c3a                __vector_36
                0x0000000000002c3a                __vector_29
                0x0000000000002c3a                __vector_40
                0x0000000000002c3a                __vector_8
                0x0000000000002c3a                __vector_26
                0x0000000000002c3a                __vector_48
                0x0000000000002c3a                __vector_14
                0x0000000000002c3a                __vector_10
                0x0000000000002c3a                __vector_50
                0x0000000000002c3a                __vector_16
                0x0000000000002c3a                __vector_18
                0x0000000000002c3a                __vector_20
                0x0000000000002c3a                __vector_38

.text._Exit     0x0000000000002c3e        0x4
 .text._Exit    0x0000000000002c3e        0x4 /Applications/microchip/xc8/v2.46/avr/bin/../lib/gcc/avr/5.4.0/../../../../avr/lib/avr5/libc.a(_Exit.o)
                0x0000000000002c3e                _Exit

.text.__dummy_fini
                0x0000000000002c42        0x2
 .text.__dummy_fini
                0x0000000000002c42        0x2 /Applications/microchip/xc8/v2.46/avr/bin/../lib/gcc/avr/5.4.0/../../../../avr/lib/avr5/libc.a(exit.o)
                0x0000000000002c42                _fini

.text.__dummy_funcs_on_exit
                0x0000000000002c44        0x2
 .text.__dummy_funcs_on_exit
                0x0000000000002c44        0x2 /Applications/microchip/xc8/v2.46/avr/bin/../lib/gcc/avr/5.4.0/../../../../avr/lib/avr5/libc.a(exit.o)
                0x0000000000002c44                __funcs_on_exit

.text.__dummy_simulator_exit
                0x0000000000002c46        0x2
 .text.__dummy_simulator_exit
                0x0000000000002c46        0x2 /Applications/microchip/xc8/v2.46/avr/bin/../lib/gcc/avr/5.4.0/../../../../avr/lib/avr5/libc.a(exit.o)
                0x0000000000002c46                __simulator_exit

.rodata         0x0000000000800302       0x5b load address 0x0000000000002c48
 .rodata        0x0000000000800302       0x5b build/default/debug/main.o

.rodata         0x00000000008003ad       0x20 load address 0x0000000000002ca3
 .rodata        0x00000000008003ad       0x20 build/default/debug/SDCard.o

.rodata.state_table
                0x00000000008003cd       0x16 load address 0x0000000000002cc3
 .rodata.state_table
                0x00000000008003cd       0x16 /Applications/microchip/xc8/v2.46/avr/bin/../lib/gcc/avr/5.4.0/../../../../avr/lib/avr5/libc.a(__printf_core.o)

.rodata         0x00000000008003e3       0x15 load address 0x0000000000002cd9
 .rodata        0x00000000008003e3       0x15 build/default/debug/print_memory.o

.rodata.nuls.2781
                0x00000000008003f8        0x7 load address 0x0000000000002cee
 .rodata.nuls.2781
                0x00000000008003f8        0x7 /Applications/microchip/xc8/v2.46/avr/bin/../lib/gcc/avr/5.4.0/../../../../avr/lib/avr5/libc.a(__fmt_s.o)

.rodata.nilstr.2962
                0x00000000008003ff        0x6 load address 0x0000000000002cf5
 .rodata.nilstr.2962
                0x00000000008003ff        0x6 /Applications/microchip/xc8/v2.46/avr/bin/../lib/gcc/avr/5.4.0/../../../../avr/lib/avr5/libc.a(__printf_core.o)

.data._stdout   0x0000000000800423        0x2 load address 0x0000000000002cfb
 .data._stdout  0x0000000000800423        0x2 /Applications/microchip/xc8/v2.46/avr/bin/../lib/gcc/avr/5.4.0/../../../../avr/lib/avr5/libc.a(stdout.o)
                0x0000000000800423                _stdout
